 map

 Timestamp is 5c3e8020 (Tue Jan 15 19:51:44 2019)

 Preferred load address is 10000000

 Start         Length     Name                   Class
 0001:00000000 00000c70H .text                   CODE
 0001:00000c70 00000be0H .text$di                CODE
 0001:00001850 0008f970H .text$mn                CODE
 0001:000911c0 00002070H .text$x                 CODE
 0001:00093230 0000073cH .text$yd                CODE
 0002:00000000 000002d0H .idata$5                DATA
 0002:000002d0 00000004H .00cfg                  DATA
 0002:000002d4 00000004H .CRT$XCA                DATA
 0002:000002d8 00000004H .CRT$XCL                DATA
 0002:000002dc 0000007cH .CRT$XCU                DATA
 0002:00000358 00000004H .CRT$XCZ                DATA
 0002:0000035c 00000004H .CRT$XIA                DATA
 0002:00000360 00000004H .CRT$XIC                DATA
 0002:00000364 00000004H .CRT$XIZ                DATA
 0002:00000368 00000004H .CRT$XLA                DATA
 0002:0000036c 00000004H .CRT$XLZ                DATA
 0002:00000370 00000004H .CRT$XPA                DATA
 0002:00000374 00000004H .CRT$XPZ                DATA
 0002:00000378 00000004H .CRT$XTA                DATA
 0002:0000037c 00000004H .CRT$XTZ                DATA
 0002:00000380 00000000H .gfids$y                DATA
 0002:00000380 000170d8H .rdata                  DATA
 0002:00017458 00000018H .rdata$T                DATA
 0002:00017470 000007b0H .rdata$r                DATA
 0002:00017c20 00000318H .rdata$zzzdbg           DATA
 0002:00017f38 00000004H .rtc$IAA                DATA
 0002:00017f3c 00000004H .rtc$IZZ                DATA
 0002:00017f40 00000004H .rtc$TAA                DATA
 0002:00017f44 00000004H .rtc$TZZ                DATA
 0002:00017f48 00000004H .tls                    DATA
 0002:00017f4c 00000004H .tls$                   DATA
 0002:00017f50 00000008H .tls$ZZZ                DATA
 0002:00017f58 00001f70H .xdata$x                DATA
 0002:00019ec8 00000000H .edata                  DATA
 0002:00019ec8 00000118H .idata$2                DATA
 0002:00019fe0 00000014H .idata$3                DATA
 0002:00019ff4 000002d0H .idata$4                DATA
 0002:0001a2c4 000012acH .idata$6                DATA
 0003:00000000 00109728H .data                   DATA
 0003:00109728 00000458H .data$r                 DATA
 0003:00109b80 00017ca4H .bss                    DATA
 0004:00000000 00000060H .rsrc$01                DATA
 0004:00000060 00000180H .rsrc$02                DATA

  Address         Publics by Value              Rva+Base       Lib:Object

 0000:00000000       ___guard_fids_count        00000000     <absolute>
 0000:00000000       ___hybrid_code_map_count   00000000     <absolute>
 0000:00000000       ___safe_se_handler_count   00000000     <absolute>
 0000:00000000       ___guard_iat_count         00000000     <absolute>
 0000:00000000       ___dynamic_value_reloc_table 00000000     <absolute>
 0000:00000000       ___guard_longjmp_count     00000000     <absolute>
 0000:00000000       ___guard_fids_table        00000000     <absolute>
 0000:00000000       __except_list              00000000     <absolute>
 0000:00000000       ___volatile_metadata       00000000     <absolute>
 0000:00000000       ___guard_longjmp_table     00000000     <absolute>
 0000:00000000       ___guard_iat_table         00000000     <absolute>
 0000:00000000       ___enclave_config          00000000     <absolute>
 0000:00000000       ___hybrid_auxiliary_iat    00000000     <absolute>
 0000:00000000       ___safe_se_handler_table   00000000     <absolute>
 0000:00000000       ___hybrid_code_map         00000000     <absolute>
 0000:0000002c       __tls_array                0000002c     <absolute>
 0000:00000100       ___guard_flags             00000100     <absolute>
 0000:00009876       __ldused                   00009876     <absolute>
 0000:00000000       ___ImageBase               10000000     <linker-defined>
 0001:00000000       ??0CDetourEnableWriteOnCodePage@@QAE@PAEJ@Z 10001000 f i detours:detours.obj
 0001:00000080       ??1CDetourEnableWriteOnCodePage@@QAE@XZ 10001080 f i detours:detours.obj
 0001:000000f0       _DetourFunction@8          100010f0 f   detours:detours.obj
 0001:000003e0       ?SetPermission@CDetourEnableWriteOnCodePage@@QAEHK@Z 100013e0 f i detours:detours.obj
 0001:00000420       ?IsValid@CDetourEnableWriteOnCodePage@@QAEHXZ 10001420 f i detours:detours.obj
 0001:000004c0       ?DetourGenJmp@@YAPAEPAE00@Z 100014c0 f i detours:detours.obj
 0001:00000500       ?DetourGenBreak@@YAPAEPAE@Z 10001500 f i detours:detours.obj
 0001:00000520       _DetourGetFinalCode@8      10001520 f   detours:detours.obj
 0001:00000590       _DetourCopyInstruction@12  10001590 f   detours:disasm.obj
 0001:000005c0       ??0CDetourDis@@QAE@PAPAEPAJ@Z 100015c0 f   detours:disasm.obj
 0001:00000640       ?Set16BitOperand@CDetourDis@@IAEXXZ 10001640 f   detours:disasm.obj
 0001:00000660       ?Set32BitOperand@CDetourDis@@IAEXXZ 10001660 f   detours:disasm.obj
 0001:00000680       ?Set16BitAddress@CDetourDis@@IAEXXZ 10001680 f   detours:disasm.obj
 0001:000006a0       ?Set32BitAddress@CDetourDis@@IAEXXZ 100016a0 f   detours:disasm.obj
 0001:000006c0       ?CopyInstruction@CDetourDis@@QAEPAEPAE0@Z 100016c0 f   detours:disasm.obj
 0001:00000720       ?CopyBytes@CDetourDis@@IAEPAEPBUCOPYENTRY@1@PAE1@Z 10001720 f   detours:disasm.obj
 0001:00000900       ?CopyBytesPrefix@CDetourDis@@IAEPAEPBUCOPYENTRY@1@PAE1@Z 10001900 f   detours:disasm.obj
 0001:00000950       ?AdjustTarget@CDetourDis@@IAEPAEPAE0JJ@Z 10001950 f   detours:disasm.obj
 0001:00000a30       ?Invalid@CDetourDis@@IAEPAEPBUCOPYENTRY@1@PAE1@Z 10001a30 f   detours:disasm.obj
 0001:00000a50       ?Copy0F@CDetourDis@@IAEPAEPBUCOPYENTRY@1@PAE1@Z 10001a50 f   detours:disasm.obj
 0001:00000aa0       ?Copy66@CDetourDis@@IAEPAEPBUCOPYENTRY@1@PAE1@Z 10001aa0 f   detours:disasm.obj
 0001:00000ad0       ?Copy67@CDetourDis@@IAEPAEPBUCOPYENTRY@1@PAE1@Z 10001ad0 f   detours:disasm.obj
 0001:00000b00       ?CopyF6@CDetourDis@@IAEPAEPBUCOPYENTRY@1@PAE1@Z 10001b00 f   detours:disasm.obj
 0001:00000b60       ?CopyF7@CDetourDis@@IAEPAEPBUCOPYENTRY@1@PAE1@Z 10001b60 f   detours:disasm.obj
 0001:00000bc0       ?CopyFF@CDetourDis@@IAEPAEPBUCOPYENTRY@1@PAE1@Z 10001bc0 f   detours:disasm.obj
 0001:00001850       ?data@?$array@D$0BH@@std@@QAEPADXZ 10002850 f i Offsets.obj
 0001:00001850       ?data@?$array@D$0BI@@std@@QAEPADXZ 10002850 f i GameEvent.obj
 0001:00001850       ?data@?$array@D$0O@@std@@QAEPADXZ 10002850 f i GameEvent.obj
 0001:00001850       ?data@?$array@D$0BK@@std@@QAEPADXZ 10002850 f i EndScene.obj
 0001:00001850       ?data@?$array@D$0P@@std@@QAEPADXZ 10002850 f i EndScene.obj
 0001:00001850       ?data@?$array@D$0BE@@std@@QAEPADXZ 10002850 f i EndScene.obj
 0001:00001850       ?data@?$array@D$08@std@@QAEPADXZ 10002850 f i GameEvent.obj
 0001:00001850       ?data@?$array@D$06@std@@QAEPADXZ 10002850 f i Visuals.obj
 0001:00001850       ?data@?$array@D$0BD@@std@@QAEPADXZ 10002850 f i EndScene.obj
 0001:00001850       ?data@?$array@D$0N@@std@@QAEPADXZ 10002850 f i GameEvent.obj
 0001:00001850       ?data@?$array@D$0BB@@std@@QAEPADXZ 10002850 f i applyknife.obj
 0001:00001850       ?data@?$array@D$0BL@@std@@QAEPADXZ 10002850 f i applyknife.obj
 0001:00001850       ?data@?$array@D$0BC@@std@@QAEPADXZ 10002850 f i Visuals.obj
 0001:00001860       ??A?$array@D$0BC@@std@@QAEAADI@Z 10002860 f i Visuals.obj
 0001:00001860       ??A?$array@D$0BI@@std@@QAEAADI@Z 10002860 f i GameEvent.obj
 0001:00001860       ??A?$array@D$0P@@std@@QAEAADI@Z 10002860 f i EndScene.obj
 0001:00001860       ??A?$array@D$08@std@@QAEAADI@Z 10002860 f i GameEvent.obj
 0001:00001860       ??A?$array@D$0BD@@std@@QAEAADI@Z 10002860 f i EndScene.obj
 0001:00001860       ??A?$array@D$0BK@@std@@QAEAADI@Z 10002860 f i EndScene.obj
 0001:00001860       ??A?$array@D$0BH@@std@@QAEAADI@Z 10002860 f i Offsets.obj
 0001:00001860       ??A?$array@D$0O@@std@@QAEAADI@Z 10002860 f i GameEvent.obj
 0001:00001860       ??A?$array@D$0N@@std@@QAEAADI@Z 10002860 f i GameEvent.obj
 0001:00001860       ??A?$array@D$0BB@@std@@QAEAADI@Z 10002860 f i applyknife.obj
 0001:00001860       ??A?$array@D$0BE@@std@@QAEAADI@Z 10002860 f i EndScene.obj
 0001:00001860       ??A?$array@D$06@std@@QAEAADI@Z 10002860 f i Visuals.obj
 0001:00001860       ??A?$array@D$0BL@@std@@QAEAADI@Z 10002860 f i applyknife.obj
 0001:00001870       ?find@?$basic_string@DU?$char_traits@D@std@@V?$allocator@D@2@@std@@QBEIQBDI@Z 10002870 f i applyknife.obj
 0001:000018b0       ?_Tidy_deallocate@?$basic_string@DU?$char_traits@D@std@@V?$allocator@D@2@@std@@QAEXXZ 100028b0 f i applyknife.obj
 0001:000018b0       ??1?$basic_string@DU?$char_traits@D@std@@V?$allocator@D@2@@std@@QAE@XZ 100028b0 f i applyknife.obj
 0001:00001900       ??0?$basic_string@DU?$char_traits@D@std@@V?$allocator@D@2@@std@@QAE@QBD@Z 10002900 f i applyknife.obj
 0001:00001940       ?assign@?$basic_string@DU?$char_traits@D@std@@V?$allocator@D@2@@std@@QAEAAV12@QBDI@Z 10002940 f i applyknife.obj
 0001:00001a70       ??$_Traits_find@U?$char_traits@D@std@@@std@@YAIQBDII0I@Z 10002a70 f i applyknife.obj
 0001:00001b60       ?_Xlen@?$basic_string@DU?$char_traits@D@std@@V?$allocator@D@2@@std@@SAXXZ 10002b60 f i applyknife.obj
 0001:00001b70       ??1?$_Hash@V?$_Umap_traits@GVColor@@V?$_Uhash_compare@GU?$hash@G@std@@U?$equal_to@G@2@@std@@V?$allocator@U?$pair@$$CBGVColor@@@std@@@3@$0A@@std@@@std@@QAE@XZ 10002b70 f i Asus.obj
 0001:00001c10       ??1?$vector@PAURecvTable@@V?$allocator@PAURecvTable@@@std@@@std@@QAE@XZ 10002c10 f i NetVarManager.obj
 0001:00001c10       ??1?$vector@PAV?$ConfigValue@_N@@V?$allocator@PAV?$ConfigValue@_N@@@std@@@std@@QAE@XZ 10002c10 f i Config.obj
 0001:00001c10       ??1?$vector@PAV?$ConfigValue@M@@V?$allocator@PAV?$ConfigValue@M@@@std@@@std@@QAE@XZ 10002c10 f i Config.obj
 0001:00001c10       ??1?$vector@V?$_List_unchecked_iterator@V?$_List_val@U?$_List_simple_types@U?$pair@$$CBGVColor@@@std@@@std@@@std@@@std@@V?$allocator@V?$_List_unchecked_iterator@V?$_List_val@U?$_List_simple_types@U?$pair@$$CBGVColor@@@std@@@std@@@std@@@std@@@2@@std@@QAE@XZ 10002c10 f i Asus.obj
 0001:00001c10       ??1?$vector@V?$_List_unchecked_iterator@V?$_List_val@U?$_List_simple_types@U?$pair@$$CBHV?$vector@PBDV?$allocator@PBD@std@@@std@@@std@@@std@@@std@@@std@@V?$allocator@V?$_List_unchecked_iterator@V?$_List_val@U?$_List_simple_types@U?$pair@$$CBHV?$vector@PBDV?$allocator@PBD@std@@@std@@@std@@@std@@@std@@@std@@@2@@std@@QAE@XZ 10002c10 f i RageBot.obj
 0001:00001c10       ?_Tidy@?$vector@PBDV?$allocator@PBD@std@@@std@@AAEXXZ 10002c10 f i RageBot.obj
 0001:00001c10       ??1?$vector@PAV?$ConfigValue@H@@V?$allocator@PAV?$ConfigValue@H@@@std@@@std@@QAE@XZ 10002c10 f i Config.obj
 0001:00001c70       ??1?$list@U?$pair@$$CBGVColor@@@std@@V?$allocator@U?$pair@$$CBGVColor@@@std@@@2@@std@@QAE@XZ 10002c70 f i Asus.obj
 0001:00001cc0       ??0?$unordered_map@GVColor@@U?$hash@G@std@@U?$equal_to@G@3@V?$allocator@U?$pair@$$CBGVColor@@@std@@@3@@std@@QAE@XZ 10002cc0 f i Asus.obj
 0001:00001d80       ?assign@?$vector@V?$_List_unchecked_iterator@V?$_List_val@U?$_List_simple_types@U?$pair@$$CBGVColor@@@std@@@std@@@std@@@std@@V?$allocator@V?$_List_unchecked_iterator@V?$_List_val@U?$_List_simple_types@U?$pair@$$CBGVColor@@@std@@@std@@@std@@@std@@@2@@std@@QAEXIABV?$_List_unchecked_iterator@V?$_List_val@U?$_List_simple_types@U?$pair@$$CBGVColor@@@std@@@std@@@std@@@2@@Z 10002d80 f i Asus.obj
 0001:00001ee0       ?_Xlength@?$vector@Vtrace_info@@V?$allocator@Vtrace_info@@@std@@@std@@CAXXZ 10002ee0 f i GameEvent.obj
 0001:00001ee0       ?_Xlength@?$vector@PAV?$ConfigValue@_N@@V?$allocator@PAV?$ConfigValue@_N@@@std@@@std@@CAXXZ 10002ee0 f i Config.obj
 0001:00001ee0       ?_Xlength@?$vector@V?$_List_unchecked_iterator@V?$_List_val@U?$_List_simple_types@U?$pair@$$CBHV?$vector@PBDV?$allocator@PBD@std@@@std@@@std@@@std@@@std@@@std@@V?$allocator@V?$_List_unchecked_iterator@V?$_List_val@U?$_List_simple_types@U?$pair@$$CBHV?$vector@PBDV?$allocator@PBD@std@@@std@@@std@@@std@@@std@@@std@@@2@@std@@CAXXZ 10002ee0 f i RageBot.obj
 0001:00001ee0       ?_Xlength@?$vector@PBDV?$allocator@PBD@std@@@std@@CAXXZ 10002ee0 f i RageBot.obj
 0001:00001ee0       ?_Xlength@?$vector@PAV?$ConfigValue@H@@V?$allocator@PAV?$ConfigValue@H@@@std@@@std@@CAXXZ 10002ee0 f i Config.obj
 0001:00001ee0       ?_Xlength@?$vector@UPlayerAA@@V?$allocator@UPlayerAA@@@std@@@std@@CAXXZ 10002ee0 f i FrameStageNotify.obj
 0001:00001ee0       ?_Xlength@?$vector@V?$basic_string@DU?$char_traits@D@std@@V?$allocator@D@2@@std@@V?$allocator@V?$basic_string@DU?$char_traits@D@std@@V?$allocator@D@2@@std@@@2@@std@@CAXXZ 10002ee0 f i Config.obj
 0001:00001ee0       ?_Xlength@?$vector@PAV?$ConfigValue@M@@V?$allocator@PAV?$ConfigValue@M@@@std@@@std@@CAXXZ 10002ee0 f i Config.obj
 0001:00001ee0       ?_Xlength@?$vector@V?$_List_unchecked_iterator@V?$_List_val@U?$_List_simple_types@U?$pair@$$CBGVColor@@@std@@@std@@@std@@@std@@V?$allocator@V?$_List_unchecked_iterator@V?$_List_val@U?$_List_simple_types@U?$pair@$$CBGVColor@@@std@@@std@@@std@@@std@@@2@@std@@CAXXZ 10002ee0 f i Asus.obj
 0001:00001ee0       ?_Xlength@?$vector@PAURecvTable@@V?$allocator@PAURecvTable@@@std@@@std@@CAXXZ 10002ee0 f i NetVarManager.obj
 0001:00001ef0       ?_Reallocate_exactly@?$vector@V?$_List_unchecked_iterator@V?$_List_val@U?$_List_simple_types@U?$pair@$$CBGVColor@@@std@@@std@@@std@@@std@@V?$allocator@V?$_List_unchecked_iterator@V?$_List_val@U?$_List_simple_types@U?$pair@$$CBGVColor@@@std@@@std@@@std@@@std@@@2@@std@@AAEXI@Z 10002ef0 f i Asus.obj
 0001:00001fb0       ??$_Fill_unchecked@PAV?$_List_unchecked_iterator@V?$_List_val@U?$_List_simple_types@U?$pair@$$CBGVColor@@@std@@@std@@@std@@@std@@V12@@std@@YAXPAV?$_List_unchecked_iterator@V?$_List_val@U?$_List_simple_types@U?$pair@$$CBGVColor@@@std@@@std@@@std@@@0@0ABV10@@Z 10002fb0 f i Asus.obj
 0001:00001fb0       ??$_Fill_unchecked@PAV?$_List_unchecked_iterator@V?$_List_val@U?$_List_simple_types@U?$pair@$$CBHV?$vector@PBDV?$allocator@PBD@std@@@std@@@std@@@std@@@std@@@std@@V12@@std@@YAXPAV?$_List_unchecked_iterator@V?$_List_val@U?$_List_simple_types@U?$pair@$$CBHV?$vector@PBDV?$allocator@PBD@std@@@std@@@std@@@std@@@std@@@0@0ABV10@@Z 10002fb0 f i RageBot.obj
 0001:00002030       ?_Buynode0@?$_List_alloc@U?$_List_base_types@U?$pair@$$CBGVColor@@@std@@V?$allocator@U?$pair@$$CBGVColor@@@std@@@2@@std@@@std@@QAEPAU?$_List_node@U?$pair@$$CBGVColor@@@std@@PAX@2@PAU32@0@Z 10003030 f i Asus.obj
 0001:00002050       ___local_stdio_printf_options 10003050 f i DLLMain.obj
 0001:00002060       __vsprintf_s_l             10003060 f i DLLMain.obj
 0001:00002090       ?pcg32_advance@pcg@cx@@YA_K_KH@Z 10003090 f i DLLMain.obj
 0001:000020e0       ?decrypt@detail@cx@@YA?AV?$basic_string@DU?$char_traits@D@std@@V?$allocator@D@2@@std@@_KPBDI@Z 100030e0 f i DLLMain.obj
 0001:00002310       ?reserve@?$basic_string@DU?$char_traits@D@std@@V?$allocator@D@2@@std@@QAEXI@Z 10003310 f i DLLMain.obj
 0001:000024b0       ?c_str@?$basic_string@DU?$char_traits@D@std@@V?$allocator@D@2@@std@@QBEPBDXZ 100034b0 f i DLLMain.obj
 0001:000024c0       ?push_back@?$basic_string@DU?$char_traits@D@std@@V?$allocator@D@2@@std@@QAEXD@Z 100034c0 f i DLLMain.obj
 0001:00002610       ?append@?$basic_string@DU?$char_traits@D@std@@V?$allocator@D@2@@std@@QAEAAV12@ABV12@@Z 10003610 f i DLLMain.obj
 0001:00002680       ??4?$basic_string@DU?$char_traits@D@std@@V?$allocator@D@2@@std@@QAEAAV01@$$QAV01@@Z 10003680 f i DLLMain.obj
 0001:000026c0       ??0?$basic_string@DU?$char_traits@D@std@@V?$allocator@D@2@@std@@QAE@ABV01@@Z 100036c0 f i DLLMain.obj
 0001:00002780       ??$_Reallocate_grow_by@V<lambda_ab246b20b9526e2ef7792587e4298a77>@@PBDI@?$basic_string@DU?$char_traits@D@std@@V?$allocator@D@2@@std@@QAEAAV01@IV<lambda_ab246b20b9526e2ef7792587e4298a77>@@PBDI@Z 10003780 f i DLLMain.obj
 0001:000028d0       ??$encrypt_at@$0?COLIKJCLFKEEBNDD@@detail@cx@@YADPBDI@Z 100038d0 f i DLLMain.obj
 0001:00002930       _acosf                     10003930 f i AntiAim.obj
 0001:00002950       _atan2f                    10003950 f i AntiAim.obj
 0001:00002990       _cosf                      10003990 f i AntiAim.obj
 0001:000029b0       _fabsf                     100039b0 f i AntiAim.obj
 0001:000029d0       _fmodf                     100039d0 f i AntiAim.obj
 0001:00002a10       _powf                      10003a10 f i AntiAim.obj
 0001:00002a30       _sinf                      10003a30 f i AntiAim.obj
 0001:00002a50       _sqrtf                     10003a50 f i AntiAim.obj
 0001:00002a70       ??HVector@@QBE?AV0@ABV0@@Z 10003a70 f i AntiAim.obj
 0001:00002ab0       ?Clamp@QAngle@@QAE?AV1@XZ  10003ab0 f i AntiAim.obj
 0001:00002b80       ?Init@Ray_t@@QAEXVVector@@0@Z 10003b80 f i AntiAim.obj
 0001:00002c40       __is_c_termination_complete 10003c40 f i MSVCRT:ucrt_stubs.obj
 0001:00002c40       ?GetTraceType@CTraceFilter@@UBE?AW4TraceType_t@@XZ 10003c40 f i AntiAim.obj
 0001:00002c40       ___scrt_stub_for_is_c_termination_complete 10003c40 f i MSVCRT:ucrt_stubs.obj
 0001:00002c40       ?type@?$Value@$0A@UNullStruct@json11@@@json11@@MBE?AW4Type@Json@2@XZ 10003c40 f i json11.obj
 0001:00002c40       ?GetTraceType@ITraceFilter@@UAE?AW4TraceType_t@@XZ 10003c40 f i AntiAim.obj
 0001:00002c50       ?ShouldHitEntity@CTraceFilter@@UAE_NPAVCBaseEntity@@H@Z 10003c50 f i AntiAim.obj
 0001:00002c80       ?Normalized@QAngle@@QAE?AV1@XZ 10003c80 f i LegitBot.obj
 0001:00002d60       __vsnprintf_l              10003d60 f i Miscellaneous.obj
 0001:00002da0       _sprintf                   10003da0 f i Miscellaneous.obj
 0001:00002dc0       ?append@?$basic_string@DU?$char_traits@D@std@@V?$allocator@D@2@@std@@QAEAAV12@QBD@Z 10003dc0 f i Miscellaneous.obj
 0001:00002e30       ?MD5_PseudoRandom@@YAII@Z  10003e30 f i PredictionSystem.obj
 0001:00002f20       ??1?$pair@$$CBHV?$vector@PBDV?$allocator@PBD@std@@@std@@@std@@QAE@XZ 10003f20 f i RageBot.obj
 0001:00002f30       ??1?$_Hash@V?$_Umap_traits@HV?$vector@PBDV?$allocator@PBD@std@@@std@@V?$_Uhash_compare@HU?$hash@H@std@@U?$equal_to@H@2@@2@V?$allocator@U?$pair@$$CBHV?$vector@PBDV?$allocator@PBD@std@@@std@@@std@@@2@$0A@@std@@@std@@QAE@XZ 10003f30 f i RageBot.obj
 0001:00002ff0       ??1?$list@U?$pair@$$CBHV?$vector@PBDV?$allocator@PBD@std@@@std@@@std@@V?$allocator@U?$pair@$$CBHV?$vector@PBDV?$allocator@PBD@std@@@std@@@std@@@2@@std@@QAE@XZ 10003ff0 f i RageBot.obj
 0001:00003040       ??1?$vector@PBDV?$allocator@PBD@std@@@std@@QAE@XZ 10004040 f i RageBot.obj
 0001:00003050       ??0?$vector@PBDV?$allocator@PBD@std@@@std@@QAE@ABV01@@Z 10004050 f i RageBot.obj
 0001:000030b0       ?_Buy@?$vector@PBDV?$allocator@PBD@std@@@std@@AAE_NI@Z 100040b0 f i RageBot.obj
 0001:00003170       ?_Init@?$_Hash@V?$_Umap_traits@HV?$vector@PBDV?$allocator@PBD@std@@@std@@V?$_Uhash_compare@HU?$hash@H@std@@U?$equal_to@H@2@@2@V?$allocator@U?$pair@$$CBHV?$vector@PBDV?$allocator@PBD@std@@@std@@@std@@@2@$0A@@std@@@std@@IAEXI@Z 10004170 f i RageBot.obj
 0001:000031d0       ?assign@?$vector@V?$_List_unchecked_iterator@V?$_List_val@U?$_List_simple_types@U?$pair@$$CBHV?$vector@PBDV?$allocator@PBD@std@@@std@@@std@@@std@@@std@@@std@@V?$allocator@V?$_List_unchecked_iterator@V?$_List_val@U?$_List_simple_types@U?$pair@$$CBHV?$vector@PBDV?$allocator@PBD@std@@@std@@@std@@@std@@@std@@@std@@@2@@std@@QAEXIABV?$_List_unchecked_iterator@V?$_List_val@U?$_List_simple_types@U?$pair@$$CBHV?$vector@PBDV?$allocator@PBD@std@@@std@@@std@@@std@@@std@@@2@@Z 100041d0 f i RageBot.obj
 0001:00003340       ?_Reallocate_exactly@?$vector@V?$_List_unchecked_iterator@V?$_List_val@U?$_List_simple_types@U?$pair@$$CBHV?$vector@PBDV?$allocator@PBD@std@@@std@@@std@@@std@@@std@@@std@@V?$allocator@V?$_List_unchecked_iterator@V?$_List_val@U?$_List_simple_types@U?$pair@$$CBHV?$vector@PBDV?$allocator@PBD@std@@@std@@@std@@@std@@@std@@@std@@@2@@std@@AAEXI@Z 10004340 f i RageBot.obj
 0001:00003450       ??$_Range_construct_or_tidy@PBQBD@?$vector@PBDV?$allocator@PBD@std@@@std@@AAEXPBQBD0Uforward_iterator_tag@1@@Z 10004450 f i RageBot.obj
 0001:00003490       ??$insert@PBU?$pair@$$CBHV?$vector@PBDV?$allocator@PBD@std@@@std@@@std@@@?$_Hash@V?$_Umap_traits@HV?$vector@PBDV?$allocator@PBD@std@@@std@@V?$_Uhash_compare@HU?$hash@H@std@@U?$equal_to@H@2@@2@V?$allocator@U?$pair@$$CBHV?$vector@PBDV?$allocator@PBD@std@@@std@@@std@@@2@$0A@@std@@@std@@QAEXPBU?$pair@$$CBHV?$vector@PBDV?$allocator@PBD@std@@@std@@@1@0@Z 10004490 f i RageBot.obj
 0001:00003520       ?_Buynode0@?$_List_alloc@U?$_List_base_types@U?$pair@$$CBHV?$vector@PBDV?$allocator@PBD@std@@@std@@@std@@V?$allocator@U?$pair@$$CBHV?$vector@PBDV?$allocator@PBD@std@@@std@@@std@@@2@@std@@@std@@QAEPAU?$_List_node@U?$pair@$$CBHV?$vector@PBDV?$allocator@PBD@std@@@std@@@std@@PAX@2@PAU32@0@Z 10004520 f i RageBot.obj
 0001:00003550       ?deallocate@?$allocator@U?$_List_node@U?$pair@$$CBHV?$vector@PBDV?$allocator@PBD@std@@@std@@@std@@PAX@std@@@std@@QAEXQAU?$_List_node@U?$pair@$$CBHV?$vector@PBDV?$allocator@PBD@std@@@std@@@std@@PAX@2@I@Z 10004550 f i RageBot.obj
 0001:00003570       ?_Make_iter@?$_Hash@V?$_Umap_traits@HV?$vector@PBDV?$allocator@PBD@std@@@std@@V?$_Uhash_compare@HU?$hash@H@std@@U?$equal_to@H@2@@2@V?$allocator@U?$pair@$$CBHV?$vector@PBDV?$allocator@PBD@std@@@std@@@std@@@2@$0A@@std@@@std@@QBE?AV?$_List_iterator@V?$_List_val@U?$_List_simple_types@U?$pair@$$CBHV?$vector@PBDV?$allocator@PBD@std@@@std@@@std@@@std@@@std@@@2@V?$_List_unchecked_const_iterator@V?$_List_val@U?$_List_simple_types@U?$pair@$$CBHV?$vector@PBDV?$allocator@PBD@std@@@std@@@std@@@std@@@std@@U_Iterator_base0@2@@2@@Z 10004570 f i RageBot.obj
 0001:00003580       ??$_Insert@AAU?$pair@$$CBHV?$vector@PBDV?$allocator@PBD@std@@@std@@@std@@V?$_List_unchecked_iterator@V?$_List_val@U?$_List_simple_types@U?$pair@$$CBHV?$vector@PBDV?$allocator@PBD@std@@@std@@@std@@@std@@@std@@@2@@?$_Hash@V?$_Umap_traits@HV?$vector@PBDV?$allocator@PBD@std@@@std@@V?$_Uhash_compare@HU?$hash@H@std@@U?$equal_to@H@2@@2@V?$allocator@U?$pair@$$CBHV?$vector@PBDV?$allocator@PBD@std@@@std@@@std@@@2@$0A@@std@@@std@@IAE?AU?$pair@V?$_List_iterator@V?$_List_val@U?$_List_simple_types@U?$pair@$$CBHV?$vector@PBDV?$allocator@PBD@std@@@std@@@std@@@std@@@std@@@std@@_N@1@AAU?$pair@$$CBHV?$vector@PBDV?$allocator@PBD@std@@@std@@@1@V?$_List_unchecked_iterator@V?$_List_val@U?$_List_simple_types@U?$pair@$$CBHV?$vector@PBDV?$allocator@PBD@std@@@std@@@std@@@std@@@std@@@1@@Z 10004580 f i RageBot.obj
 0001:000037a0       ??$_Buynode@ABU?$pair@$$CBHV?$vector@PBDV?$allocator@PBD@std@@@std@@@std@@@?$_List_buy@U?$pair@$$CBHV?$vector@PBDV?$allocator@PBD@std@@@std@@@std@@V?$allocator@U?$pair@$$CBHV?$vector@PBDV?$allocator@PBD@std@@@std@@@std@@@2@@std@@QAEPAU?$_List_node@U?$pair@$$CBHV?$vector@PBDV?$allocator@PBD@std@@@std@@@std@@PAX@1@PAU21@0ABU?$pair@$$CBHV?$vector@PBDV?$allocator@PBD@std@@@std@@@1@@Z 100047a0 f i RageBot.obj
 0001:00003820       ??$erase@V?$_List_iterator@V?$_List_val@U?$_List_simple_types@U?$pair@$$CBHV?$vector@PBDV?$allocator@PBD@std@@@std@@@std@@@std@@@std@@@std@@X@?$_Hash@V?$_Umap_traits@HV?$vector@PBDV?$allocator@PBD@std@@@std@@V?$_Uhash_compare@HU?$hash@H@std@@U?$equal_to@H@2@@2@V?$allocator@U?$pair@$$CBHV?$vector@PBDV?$allocator@PBD@std@@@std@@@std@@@2@$0A@@std@@@std@@QAE?AV?$_List_iterator@V?$_List_val@U?$_List_simple_types@U?$pair@$$CBHV?$vector@PBDV?$allocator@PBD@std@@@std@@@std@@@std@@@std@@@1@V21@@Z 10004820 f i RageBot.obj
 0001:000038d0       ??$_Buynode@ABUpiecewise_construct_t@std@@V?$tuple@ABH@2@V?$tuple@$$V@2@@?$_List_buy@U?$pair@$$CBHV?$vector@PBDV?$allocator@PBD@std@@@std@@@std@@V?$allocator@U?$pair@$$CBHV?$vector@PBDV?$allocator@PBD@std@@@std@@@std@@@2@@std@@QAEPAU?$_List_node@U?$pair@$$CBHV?$vector@PBDV?$allocator@PBD@std@@@std@@@std@@PAX@1@PAU21@0ABUpiecewise_construct_t@1@$$QAV?$tuple@ABH@1@$$QAV?$tuple@$$V@1@@Z 100048d0 f i RageBot.obj
 0001:00003910       ??1?$list@HV?$allocator@H@std@@@std@@QAE@XZ 10004910 f i Visuals.obj
 0001:00003960       ??0?$list@HV?$allocator@H@std@@@std@@QAE@$$QAV01@@Z 10004960 f i Visuals.obj
 0001:000039a0       ?substr@?$basic_string@DU?$char_traits@D@std@@V?$allocator@D@2@@std@@QBE?AV12@II@Z 100049a0 f i Visuals.obj
 0001:000039f0       ?_Xran@?$_String_val@U?$_Simple_types@D@std@@@std@@SAXXZ 100049f0 f i Visuals.obj
 0001:00003a00       ?_Buynode0@?$_List_alloc@U?$_List_base_types@HV?$allocator@H@std@@@std@@@std@@QAEPAU?$_List_node@HPAX@2@PAU32@0@Z 10004a00 f i Visuals.obj
 0001:00003a30       ??$sprintf_s@$0PP@@@YAHAAY0PP@DPBDZZ 10004a30 f i Visuals.obj
 0001:00003a50       ??$_Buynode@ABH@?$_List_buy@HV?$allocator@H@std@@@std@@QAEPAU?$_List_node@HPAX@1@PAU21@0ABH@Z 10004a50 f i Visuals.obj
 0001:00003a70       ??$_Traits_equal@U?$char_traits@D@std@@@std@@YA_NQBDI0I@Z 10004a70 f i Visuals.obj
 0001:00003ae0       ??0trace_info@@QAE@VVector@@0MH@Z 10004ae0 f i GameEvent.obj
 0001:00003b30       ??$emplace_back@Vtrace_info@@@?$vector@Vtrace_info@@V?$allocator@Vtrace_info@@@std@@@std@@QAEX$$QAVtrace_info@@@Z 10004b30 f i GameEvent.obj
 0001:00003b70       ??$sprintf_s@$0IA@@@YAHAAY0IA@DPBDZZ 10004b70 f i GameEvent.obj
 0001:00003b90       ??$_Emplace_reallocate@Vtrace_info@@@?$vector@Vtrace_info@@V?$allocator@Vtrace_info@@@std@@@std@@QAEPAVtrace_info@@QAV2@$$QAV2@@Z 10004b90 f i GameEvent.obj
 0001:00003d40       _sprintf_s                 10004d40 f i EndScene.obj
 0001:00003dc0       ??B?$encrypted_string@$0?FLHLIONHJGHIGJBF@$04@cx@@QBE?AV?$basic_string@DU?$char_traits@D@std@@V?$allocator@D@2@@std@@XZ 10004dc0 f i EndScene.obj
 0001:00003df0       ??B?$encrypted_string@$0?FLHLIONHJGHIGJBG@$08@cx@@QBE?AV?$basic_string@DU?$char_traits@D@std@@V?$allocator@D@2@@std@@XZ 10004df0 f i EndScene.obj
 0001:00003e20       ??B?$encrypted_string@$0?FLHLIONHJGHIGJBH@$04@cx@@QBE?AV?$basic_string@DU?$char_traits@D@std@@V?$allocator@D@2@@std@@XZ 10004e20 f i EndScene.obj
 0001:00003e50       ??B?$encrypted_string@$0?FLHLIONHJGHIGJBJ@$08@cx@@QBE?AV?$basic_string@DU?$char_traits@D@std@@V?$allocator@D@2@@std@@XZ 10004e50 f i EndScene.obj
 0001:00003e80       ??B?$encrypted_string@$0?FLHLIONHJGHIGJBK@$08@cx@@QBE?AV?$basic_string@DU?$char_traits@D@std@@V?$allocator@D@2@@std@@XZ 10004e80 f i EndScene.obj
 0001:00003eb0       ??B?$encrypted_string@$0?FLHLIONHJGHIGJBL@$08@cx@@QBE?AV?$basic_string@DU?$char_traits@D@std@@V?$allocator@D@2@@std@@XZ 10004eb0 f i EndScene.obj
 0001:00003ee0       ??B?$encrypted_string@$0?FLHLIONHJGHIGJBM@$08@cx@@QBE?AV?$basic_string@DU?$char_traits@D@std@@V?$allocator@D@2@@std@@XZ 10004ee0 f i EndScene.obj
 0001:00003f10       ??B?$encrypted_string@$0?FLHLIONHJGHIGJCJ@$0BL@@cx@@QBE?AV?$basic_string@DU?$char_traits@D@std@@V?$allocator@D@2@@std@@XZ 10004f10 f i EndScene.obj
 0001:00003f40       ??B?$encrypted_string@$0?FLHLIONHJGHIGJGK@$06@cx@@QBE?AV?$basic_string@DU?$char_traits@D@std@@V?$allocator@D@2@@std@@XZ 10004f40 f i EndScene.obj
 0001:00003f70       ??B?$encrypted_string@$0?FLHLIONHJGHIGJKL@$0M@@cx@@QBE?AV?$basic_string@DU?$char_traits@D@std@@V?$allocator@D@2@@std@@XZ 10004f70 f i EndScene.obj
 0001:00003fa0       ??B?$encrypted_string@$0?FLHLIONHJGHIGJOO@$0P@@cx@@QBE?AV?$basic_string@DU?$char_traits@D@std@@V?$allocator@D@2@@std@@XZ 10004fa0 f i EndScene.obj
 0001:00003fd0       ??B?$encrypted_string@$0?FLHLIONHJGHIGKBP@$0BA@@cx@@QBE?AV?$basic_string@DU?$char_traits@D@std@@V?$allocator@D@2@@std@@XZ 10004fd0 f i EndScene.obj
 0001:00004000       ??B?$encrypted_string@$0?FLHLIONHJGHIGKFA@$0P@@cx@@QBE?AV?$basic_string@DU?$char_traits@D@std@@V?$allocator@D@2@@std@@XZ 10005000 f i EndScene.obj
 0001:00004030       ??B?$encrypted_string@$0?FLHLIONHJGHIGKIB@$0P@@cx@@QBE?AV?$basic_string@DU?$char_traits@D@std@@V?$allocator@D@2@@std@@XZ 10005030 f i EndScene.obj
 0001:00004060       ??B?$encrypted_string@$0?FLHLIONHJGHIGKPL@$0L@@cx@@QBE?AV?$basic_string@DU?$char_traits@D@std@@V?$allocator@D@2@@std@@XZ 10005060 f i EndScene.obj
 0001:00004090       ??B?$encrypted_string@$0?FLHLIONHJGHIGLHF@$08@cx@@QBE?AV?$basic_string@DU?$char_traits@D@std@@V?$allocator@D@2@@std@@XZ 10005090 f i EndScene.obj
 0001:000040c0       ??B?$encrypted_string@$0?FLHLIONHJGHIGLOP@$09@cx@@QBE?AV?$basic_string@DU?$char_traits@D@std@@V?$allocator@D@2@@std@@XZ 100050c0 f i EndScene.obj
 0001:000040f0       ??B?$encrypted_string@$0?FLHLIONHJGHIGMGJ@$0L@@cx@@QBE?AV?$basic_string@DU?$char_traits@D@std@@V?$allocator@D@2@@std@@XZ 100050f0 f i EndScene.obj
 0001:00004120       ??B?$encrypted_string@$0?FLHLIONHJGHIGMOD@$07@cx@@QBE?AV?$basic_string@DU?$char_traits@D@std@@V?$allocator@D@2@@std@@XZ 10005120 f i EndScene.obj
 0001:00004150       ??B?$encrypted_string@$0?FLHLIONHJGHIGNCG@$04@cx@@QBE?AV?$basic_string@DU?$char_traits@D@std@@V?$allocator@D@2@@std@@XZ 10005150 f i EndScene.obj
 0001:00004180       ??B?$encrypted_string@$0?FLHLIONHJGHIGNGO@$05@cx@@QBE?AV?$basic_string@DU?$char_traits@D@std@@V?$allocator@D@2@@std@@XZ 10005180 f i EndScene.obj
 0001:000041b0       ??B?$encrypted_string@$0?FLHLIONHJGHIGNLF@$06@cx@@QBE?AV?$basic_string@DU?$char_traits@D@std@@V?$allocator@D@2@@std@@XZ 100051b0 f i EndScene.obj
 0001:000041e0       ??B?$encrypted_string@$0?FLHLIONHJGHIGNOL@$06@cx@@QBE?AV?$basic_string@DU?$char_traits@D@std@@V?$allocator@D@2@@std@@XZ 100051e0 f i EndScene.obj
 0001:00004210       ??B?$encrypted_string@$0?FLHLIONHJGHIGOCK@$06@cx@@QBE?AV?$basic_string@DU?$char_traits@D@std@@V?$allocator@D@2@@std@@XZ 10005210 f i EndScene.obj
 0001:00004240       ??B?$encrypted_string@$0?FLHLIONHJGHIGOGA@$06@cx@@QBE?AV?$basic_string@DU?$char_traits@D@std@@V?$allocator@D@2@@std@@XZ 10005240 f i EndScene.obj
 0001:00004270       ??B?$encrypted_string@$0?FLHLIONHJGHIGOLG@$04@cx@@QBE?AV?$basic_string@DU?$char_traits@D@std@@V?$allocator@D@2@@std@@XZ 10005270 f i EndScene.obj
 0001:000042a0       ??B?$encrypted_string@$0?FLHLIONHJGHIGOPK@$03@cx@@QBE?AV?$basic_string@DU?$char_traits@D@std@@V?$allocator@D@2@@std@@XZ 100052a0 f i EndScene.obj
 0001:000042d0       ??B?$encrypted_string@$0?FLHLIONHJGHIGPDE@$03@cx@@QBE?AV?$basic_string@DU?$char_traits@D@std@@V?$allocator@D@2@@std@@XZ 100052d0 f i EndScene.obj
 0001:00004300       ??B?$encrypted_string@$0?FLHLIONHJGHIGPHN@$03@cx@@QBE?AV?$basic_string@DU?$char_traits@D@std@@V?$allocator@D@2@@std@@XZ 10005300 f i EndScene.obj
 0001:00004330       ??B?$encrypted_string@$0?FLHLIONHJGHIGPMJ@$05@cx@@QBE?AV?$basic_string@DU?$char_traits@D@std@@V?$allocator@D@2@@std@@XZ 10005330 f i EndScene.obj
 0001:00004360       ??B?$encrypted_string@$0?FLHLIONHJGHIHABI@$05@cx@@QBE?AV?$basic_string@DU?$char_traits@D@std@@V?$allocator@D@2@@std@@XZ 10005360 f i EndScene.obj
 0001:00004390       ??B?$encrypted_string@$0?FLHLIONHJGHIHAGE@$09@cx@@QBE?AV?$basic_string@DU?$char_traits@D@std@@V?$allocator@D@2@@std@@XZ 10005390 f i EndScene.obj
 0001:000043c0       ??B?$encrypted_string@$0?FLHLIONHJGHIHAJC@$05@cx@@QBE?AV?$basic_string@DU?$char_traits@D@std@@V?$allocator@D@2@@std@@XZ 100053c0 f i EndScene.obj
 0001:000043f0       ??B?$encrypted_string@$0?FLHLIONHJGHIHAMD@$05@cx@@QBE?AV?$basic_string@DU?$char_traits@D@std@@V?$allocator@D@2@@std@@XZ 100053f0 f i EndScene.obj
 0001:00004420       ??B?$encrypted_string@$0?FLHLIONHJGHIHBAP@$08@cx@@QBE?AV?$basic_string@DU?$char_traits@D@std@@V?$allocator@D@2@@std@@XZ 10005420 f i EndScene.obj
 0001:00004450       ??B?$encrypted_string@$0?FLHLIONHJGHIHBEM@$06@cx@@QBE?AV?$basic_string@DU?$char_traits@D@std@@V?$allocator@D@2@@std@@XZ 10005450 f i EndScene.obj
 0001:00004480       ??B?$encrypted_string@$0?FLHLIONHJGHIHBIP@$03@cx@@QBE?AV?$basic_string@DU?$char_traits@D@std@@V?$allocator@D@2@@std@@XZ 10005480 f i EndScene.obj
 0001:000044b0       ??B?$encrypted_string@$0?FLHLIONHJGHIHBNF@$06@cx@@QBE?AV?$basic_string@DU?$char_traits@D@std@@V?$allocator@D@2@@std@@XZ 100054b0 f i EndScene.obj
 0001:000044e0       ??B?$encrypted_string@$0?FLHLIONHJGHIHCBL@$04@cx@@QBE?AV?$basic_string@DU?$char_traits@D@std@@V?$allocator@D@2@@std@@XZ 100054e0 f i EndScene.obj
 0001:00004510       ??B?$encrypted_string@$0?FLHLIONHJGHIHCED@$04@cx@@QBE?AV?$basic_string@DU?$char_traits@D@std@@V?$allocator@D@2@@std@@XZ 10005510 f i EndScene.obj
 0001:00004540       ??B?$encrypted_string@$0?FLHLIONHJGHIHCIJ@$08@cx@@QBE?AV?$basic_string@DU?$char_traits@D@std@@V?$allocator@D@2@@std@@XZ 10005540 f i EndScene.obj
 0001:00004570       ??B?$encrypted_string@$0?FLHLIONHJGHIHCMG@$05@cx@@QBE?AV?$basic_string@DU?$char_traits@D@std@@V?$allocator@D@2@@std@@XZ 10005570 f i EndScene.obj
 0001:000045a0       ??B?$encrypted_string@$0?FLHLIONHJGHIHCPH@$05@cx@@QBE?AV?$basic_string@DU?$char_traits@D@std@@V?$allocator@D@2@@std@@XZ 100055a0 f i EndScene.obj
 0001:000045d0       ??B?$encrypted_string@$0?FLHLIONHJGHIHDEA@$03@cx@@QBE?AV?$basic_string@DU?$char_traits@D@std@@V?$allocator@D@2@@std@@XZ 100055d0 f i EndScene.obj
 0001:00004600       ??B?$encrypted_string@$0?FLHLIONHJGHIHDHN@$03@cx@@QBE?AV?$basic_string@DU?$char_traits@D@std@@V?$allocator@D@2@@std@@XZ 10005600 f i EndScene.obj
 0001:00004630       ??B?$encrypted_string@$0?FLHLIONHJGHIHDNC@$05@cx@@QBE?AV?$basic_string@DU?$char_traits@D@std@@V?$allocator@D@2@@std@@XZ 10005630 f i EndScene.obj
 0001:00004660       ??1?$vector@V?$basic_string@DU?$char_traits@D@std@@V?$allocator@D@2@@std@@V?$allocator@V?$basic_string@DU?$char_traits@D@std@@V?$allocator@D@2@@std@@@2@@std@@QAE@XZ 10005660 f i EndScene.obj
 0001:000046e0       ?erase@?$basic_string@DU?$char_traits@D@std@@V?$allocator@D@2@@std@@QAEAAV12@II@Z 100056e0 f i EndScene.obj
 0001:00004730       ?_Xrange@?$vector@V?$basic_string@DU?$char_traits@D@std@@V?$allocator@D@2@@std@@V?$allocator@V?$basic_string@DU?$char_traits@D@std@@V?$allocator@D@2@@std@@@2@@std@@CAXXZ 10005730 f i EndScene.obj
 0001:00004740       ?_Destroy@?$vector@V?$basic_string@DU?$char_traits@D@std@@V?$allocator@D@2@@std@@V?$allocator@V?$basic_string@DU?$char_traits@D@std@@V?$allocator@D@2@@std@@@2@@std@@AAEXPAV?$basic_string@DU?$char_traits@D@std@@V?$allocator@D@2@@2@0@Z 10005740 f i EndScene.obj
 0001:00004760       ?deallocate@?$allocator@V?$basic_string@DU?$char_traits@D@std@@V?$allocator@D@2@@std@@@std@@QAEXQAV?$basic_string@DU?$char_traits@D@std@@V?$allocator@D@2@@2@I@Z 10005760 f i EndScene.obj
 0001:000047a0       ??$make_encrypted_string@$0?FLHLIONHJGHIHDHN@$03@cx@@YA?AV?$encrypted_string@$0?FLHLIONHJGHIHDHN@$03@0@AAY03$$CBD@Z 100057a0 f i EndScene.obj
 0001:000047e0       ??$make_encrypted_string@$0?FLHLIONHJGHIHDEA@$03@cx@@YA?AV?$encrypted_string@$0?FLHLIONHJGHIHDEA@$03@0@AAY03$$CBD@Z 100057e0 f i EndScene.obj
 0001:00004820       ??$make_encrypted_string@$0?FLHLIONHJGHIHCPH@$05@cx@@YA?AV?$encrypted_string@$0?FLHLIONHJGHIHCPH@$05@0@AAY05$$CBD@Z 10005820 f i EndScene.obj
 0001:00004880       ??$make_encrypted_string@$0?FLHLIONHJGHIHCMG@$05@cx@@YA?AV?$encrypted_string@$0?FLHLIONHJGHIHCMG@$05@0@AAY05$$CBD@Z 10005880 f i EndScene.obj
 0001:000048e0       ??$make_encrypted_string@$0?FLHLIONHJGHIHCIJ@$08@cx@@YA?AV?$encrypted_string@$0?FLHLIONHJGHIHCIJ@$08@0@AAY08$$CBD@Z 100058e0 f i EndScene.obj
 0001:00004960       ??$make_encrypted_string@$0?FLHLIONHJGHIHCED@$04@cx@@YA?AV?$encrypted_string@$0?FLHLIONHJGHIHCED@$04@0@AAY04$$CBD@Z 10005960 f i EndScene.obj
 0001:000049b0       ??$make_encrypted_string@$0?FLHLIONHJGHIHCBL@$04@cx@@YA?AV?$encrypted_string@$0?FLHLIONHJGHIHCBL@$04@0@AAY04$$CBD@Z 100059b0 f i EndScene.obj
 0001:00004a00       ??$make_encrypted_string@$0?FLHLIONHJGHIHBNF@$06@cx@@YA?AV?$encrypted_string@$0?FLHLIONHJGHIHBNF@$06@0@AAY06$$CBD@Z 10005a00 f i EndScene.obj
 0001:00004a70       ??$make_encrypted_string@$0?FLHLIONHJGHIHBIP@$03@cx@@YA?AV?$encrypted_string@$0?FLHLIONHJGHIHBIP@$03@0@AAY03$$CBD@Z 10005a70 f i EndScene.obj
 0001:00004ab0       ??$make_encrypted_string@$0?FLHLIONHJGHIHBEM@$06@cx@@YA?AV?$encrypted_string@$0?FLHLIONHJGHIHBEM@$06@0@AAY06$$CBD@Z 10005ab0 f i EndScene.obj
 0001:00004b20       ??$make_encrypted_string@$0?FLHLIONHJGHIHBAP@$08@cx@@YA?AV?$encrypted_string@$0?FLHLIONHJGHIHBAP@$08@0@AAY08$$CBD@Z 10005b20 f i EndScene.obj
 0001:00004ba0       ??$make_encrypted_string@$0?FLHLIONHJGHIHAMD@$05@cx@@YA?AV?$encrypted_string@$0?FLHLIONHJGHIHAMD@$05@0@AAY05$$CBD@Z 10005ba0 f i EndScene.obj
 0001:00004c00       ??$make_encrypted_string@$0?FLHLIONHJGHIHAJC@$05@cx@@YA?AV?$encrypted_string@$0?FLHLIONHJGHIHAJC@$05@0@AAY05$$CBD@Z 10005c00 f i EndScene.obj
 0001:00004c60       ??$make_encrypted_string@$0?FLHLIONHJGHIHAGE@$09@cx@@YA?AV?$encrypted_string@$0?FLHLIONHJGHIHAGE@$09@0@AAY09$$CBD@Z 10005c60 f i EndScene.obj
 0001:00004cf0       ??$make_encrypted_string@$0?FLHLIONHJGHIHABI@$05@cx@@YA?AV?$encrypted_string@$0?FLHLIONHJGHIHABI@$05@0@AAY05$$CBD@Z 10005cf0 f i EndScene.obj
 0001:00004d50       ??$make_encrypted_string@$0?FLHLIONHJGHIGPMJ@$05@cx@@YA?AV?$encrypted_string@$0?FLHLIONHJGHIGPMJ@$05@0@AAY05$$CBD@Z 10005d50 f i EndScene.obj
 0001:00004db0       ??$make_encrypted_string@$0?FLHLIONHJGHIGPHN@$03@cx@@YA?AV?$encrypted_string@$0?FLHLIONHJGHIGPHN@$03@0@AAY03$$CBD@Z 10005db0 f i EndScene.obj
 0001:00004df0       ??$make_encrypted_string@$0?FLHLIONHJGHIGPDE@$03@cx@@YA?AV?$encrypted_string@$0?FLHLIONHJGHIGPDE@$03@0@AAY03$$CBD@Z 10005df0 f i EndScene.obj
 0001:00004e30       ??$make_encrypted_string@$0?FLHLIONHJGHIGOPK@$03@cx@@YA?AV?$encrypted_string@$0?FLHLIONHJGHIGOPK@$03@0@AAY03$$CBD@Z 10005e30 f i EndScene.obj
 0001:00004e70       ??$make_encrypted_string@$0?FLHLIONHJGHIGOLG@$04@cx@@YA?AV?$encrypted_string@$0?FLHLIONHJGHIGOLG@$04@0@AAY04$$CBD@Z 10005e70 f i EndScene.obj
 0001:00004ec0       ??$make_encrypted_string@$0?FLHLIONHJGHIGOGA@$06@cx@@YA?AV?$encrypted_string@$0?FLHLIONHJGHIGOGA@$06@0@AAY06$$CBD@Z 10005ec0 f i EndScene.obj
 0001:00004f30       ??$make_encrypted_string@$0?FLHLIONHJGHIGOCK@$06@cx@@YA?AV?$encrypted_string@$0?FLHLIONHJGHIGOCK@$06@0@AAY06$$CBD@Z 10005f30 f i EndScene.obj
 0001:00004fa0       ??$make_encrypted_string@$0?FLHLIONHJGHIGNOL@$06@cx@@YA?AV?$encrypted_string@$0?FLHLIONHJGHIGNOL@$06@0@AAY06$$CBD@Z 10005fa0 f i EndScene.obj
 0001:00005010       ??$make_encrypted_string@$0?FLHLIONHJGHIGNLF@$06@cx@@YA?AV?$encrypted_string@$0?FLHLIONHJGHIGNLF@$06@0@AAY06$$CBD@Z 10006010 f i EndScene.obj
 0001:00005080       ??$make_encrypted_string@$0?FLHLIONHJGHIGNGO@$05@cx@@YA?AV?$encrypted_string@$0?FLHLIONHJGHIGNGO@$05@0@AAY05$$CBD@Z 10006080 f i EndScene.obj
 0001:000050e0       ??$make_encrypted_string@$0?FLHLIONHJGHIGNCG@$04@cx@@YA?AV?$encrypted_string@$0?FLHLIONHJGHIGNCG@$04@0@AAY04$$CBD@Z 100060e0 f i EndScene.obj
 0001:00005130       ??$make_encrypted_string@$0?FLHLIONHJGHIGMOD@$07@cx@@YA?AV?$encrypted_string@$0?FLHLIONHJGHIGMOD@$07@0@AAY07$$CBD@Z 10006130 f i EndScene.obj
 0001:000051b0       ??$make_encrypted_string@$0?FLHLIONHJGHIGMGJ@$0L@@cx@@YA?AV?$encrypted_string@$0?FLHLIONHJGHIGMGJ@$0L@@0@AAY0L@$$CBD@Z 100061b0 f i EndScene.obj
 0001:00005250       ??$make_encrypted_string@$0?FLHLIONHJGHIGLOP@$09@cx@@YA?AV?$encrypted_string@$0?FLHLIONHJGHIGLOP@$09@0@AAY09$$CBD@Z 10006250 f i EndScene.obj
 0001:000052e0       ??$make_encrypted_string@$0?FLHLIONHJGHIGLHF@$08@cx@@YA?AV?$encrypted_string@$0?FLHLIONHJGHIGLHF@$08@0@AAY08$$CBD@Z 100062e0 f i EndScene.obj
 0001:00005360       ??$make_encrypted_string@$0?FLHLIONHJGHIGKPL@$0L@@cx@@YA?AV?$encrypted_string@$0?FLHLIONHJGHIGKPL@$0L@@0@AAY0L@$$CBD@Z 10006360 f i EndScene.obj
 0001:00005400       ??$make_encrypted_string@$0?FLHLIONHJGHIGKIB@$0P@@cx@@YA?AV?$encrypted_string@$0?FLHLIONHJGHIGKIB@$0P@@0@AAY0P@$$CBD@Z 10006400 f i EndScene.obj
 0001:000054e0       ??$make_encrypted_string@$0?FLHLIONHJGHIGKFA@$0P@@cx@@YA?AV?$encrypted_string@$0?FLHLIONHJGHIGKFA@$0P@@0@AAY0P@$$CBD@Z 100064e0 f i EndScene.obj
 0001:000055c0       ??$make_encrypted_string@$0?FLHLIONHJGHIGKBP@$0BA@@cx@@YA?AV?$encrypted_string@$0?FLHLIONHJGHIGKBP@$0BA@@0@AAY0BA@$$CBD@Z 100065c0 f i EndScene.obj
 0001:000056b0       ??$make_encrypted_string@$0?FLHLIONHJGHIGJOO@$0P@@cx@@YA?AV?$encrypted_string@$0?FLHLIONHJGHIGJOO@$0P@@0@AAY0P@$$CBD@Z 100066b0 f i EndScene.obj
 0001:00005790       ??$make_encrypted_string@$0?FLHLIONHJGHIGJKL@$0M@@cx@@YA?AV?$encrypted_string@$0?FLHLIONHJGHIGJKL@$0M@@0@AAY0M@$$CBD@Z 10006790 f i EndScene.obj
 0001:00005840       ??$make_encrypted_string@$0?FLHLIONHJGHIGJGK@$06@cx@@YA?AV?$encrypted_string@$0?FLHLIONHJGHIGJGK@$06@0@AAY06$$CBD@Z 10006840 f i EndScene.obj
 0001:000058b0       ??$make_encrypted_string@$0?FLHLIONHJGHIGJCJ@$0BL@@cx@@YA?AV?$encrypted_string@$0?FLHLIONHJGHIGJCJ@$0BL@@0@AAY0BL@$$CBD@Z 100068b0 f i EndScene.obj
 0001:000058f0       ??$make_encrypted_string@$0?FLHLIONHJGHIGJBM@$08@cx@@YA?AV?$encrypted_string@$0?FLHLIONHJGHIGJBM@$08@0@AAY08$$CBD@Z 100068f0 f i EndScene.obj
 0001:00005970       ??$make_encrypted_string@$0?FLHLIONHJGHIGJBL@$08@cx@@YA?AV?$encrypted_string@$0?FLHLIONHJGHIGJBL@$08@0@AAY08$$CBD@Z 10006970 f i EndScene.obj
 0001:000059f0       ??$make_encrypted_string@$0?FLHLIONHJGHIGJBK@$08@cx@@YA?AV?$encrypted_string@$0?FLHLIONHJGHIGJBK@$08@0@AAY08$$CBD@Z 100069f0 f i EndScene.obj
 0001:00005a70       ??$make_encrypted_string@$0?FLHLIONHJGHIGJBJ@$08@cx@@YA?AV?$encrypted_string@$0?FLHLIONHJGHIGJBJ@$08@0@AAY08$$CBD@Z 10006a70 f i EndScene.obj
 0001:00005af0       ??$make_encrypted_string@$0?FLHLIONHJGHIGJBH@$04@cx@@YA?AV?$encrypted_string@$0?FLHLIONHJGHIGJBH@$04@0@AAY04$$CBD@Z 10006af0 f i EndScene.obj
 0001:00005b40       ??$make_encrypted_string@$0?FLHLIONHJGHIGJBG@$08@cx@@YA?AV?$encrypted_string@$0?FLHLIONHJGHIGJBG@$08@0@AAY08$$CBD@Z 10006b40 f i EndScene.obj
 0001:00005bc0       ??$make_encrypted_string@$0?FLHLIONHJGHIGJBF@$04@cx@@YA?AV?$encrypted_string@$0?FLHLIONHJGHIGJBF@$04@0@AAY04$$CBD@Z 10006bc0 f i EndScene.obj
 0001:00005c10       ??$sprintf_s@$0BAA@@@YAHAAY0BAA@DPBDZZ 10006c10 f i EndScene.obj
 0001:00005c30       ??$_Destroy_range@V?$allocator@V?$basic_string@DU?$char_traits@D@std@@V?$allocator@D@2@@std@@@std@@@std@@YAXPAV?$basic_string@DU?$char_traits@D@std@@V?$allocator@D@2@@0@0AAV?$allocator@V?$basic_string@DU?$char_traits@D@std@@V?$allocator@D@2@@std@@@0@@Z 10006c30 f i EndScene.obj
 0001:00005ca0       ??0?$encrypted_string@$0?FLHLIONHJGHIHFAK@$03@cx@@QAE@AAY03$$CBD@Z 10006ca0 f i EndScene.obj
 0001:00005ce0       ??$encrypt@$0?FLHLIONHJGHIGIEK@$0A@$00$01$02$03$04$05$06$07$08$09$0L@$0M@$0N@$0O@$0P@$0BA@$0BB@$0BC@$0BD@$0BE@$0BF@$0BG@$0BH@$0BI@$0BJ@$0BK@$0BL@$0BM@$0BN@$0BO@$0BP@$0CA@$0CB@$0CC@$0CD@$0CE@$0CF@$0CG@$0CH@$0CI@$0CJ@$0CK@$0CL@$0CM@$0CN@$0CO@$0CP@$0DA@$0DB@$0DC@$0DD@$0DE@$0DF@$0DG@$0DH@$0DI@$0DJ@$0DK@$0DL@$0DM@$0DN@$0DO@$0DP@$0EA@$0EB@$0EC@$0ED@$0EE@$0EF@$0EG@$0EH@$0EI@$0EJ@$0EK@$0EL@$0EM@$0EN@$0EO@$0EP@$0FA@$0FB@$0FC@$0FD@$0FE@$0FF@$0FG@$0FH@$0FI@$0FJ@$0FK@$0FL@$0FM@$0FN@$0FO@$0FP@$0GA@$0GB@$0GC@$0GD@$0GE@$0GF@$0GG@$0GH@$0GI@$0GJ@$0GK@$0GL@$0GM@$0GN@$0GO@$0GP@$0HA@$0HB@$0HC@$0HD@$0HE@$0HF@$0HG@$0HH@$0HI@$0HJ@$0HK@@detail@cx@@YA?AU?$char_array@$0HL@@01@PBDU?$integer_sequence@I$0A@$00$01$02$03$04$05$06$07$08$09$0L@$0M@$0N@$0O@$0P@$0BA@$0BB@$0BC@$0BD@$0BE@$0BF@$0BG@$0BH@$0BI@$0BJ@$0BK@$0BL@$0BM@$0BN@$0BO@$0BP@$0CA@$0CB@$0CC@$0CD@$0CE@$0CF@$0CG@$0CH@$0CI@$0CJ@$0CK@$0CL@$0CM@$0CN@$0CO@$0CP@$0DA@$0DB@$0DC@$0DD@$0DE@$0DF@$0DG@$0DH@$0DI@$0DJ@$0DK@$0DL@$0DM@$0DN@$0DO@$0DP@$0EA@$0EB@$0EC@$0ED@$0EE@$0EF@$0EG@$0EH@$0EI@$0EJ@$0EK@$0EL@$0EM@$0EN@$0EO@$0EP@$0FA@$0FB@$0FC@$0FD@$0FE@$0FF@$0FG@$0FH@$0FI@$0FJ@$0FK@$0FL@$0FM@$0FN@$0FO@$0FP@$0GA@$0GB@$0GC@$0GD@$0GE@$0GF@$0GG@$0GH@$0GI@$0GJ@$0GK@$0GL@$0GM@$0GN@$0GO@$0GP@$0HA@$0HB@$0HC@$0HD@$0HE@$0HF@$0HG@$0HH@$0HI@$0HJ@$0HK@@std@@@Z 10006ce0 f i EndScene.obj
 0001:00006330       ??$encrypt@$0?FLHLIONHJGHIGIEL@$0A@$00$01$02$03$04$05$06$07$08$09$0L@$0M@$0N@$0O@$0P@$0BA@$0BB@$0BC@$0BD@$0BE@$0BF@$0BG@$0BH@$0BI@$0BJ@$0BK@$0BL@$0BM@$0BN@$0BO@$0BP@$0CA@$0CB@$0CC@$0CD@$0CE@$0CF@$0CG@$0CH@$0CI@$0CJ@$0CK@$0CL@$0CM@$0CN@$0CO@$0CP@$0DA@$0DB@$0DC@$0DD@$0DE@$0DF@$0DG@$0DH@$0DI@$0DJ@$0DK@$0DL@$0DM@$0DN@$0DO@$0DP@$0EA@$0EB@$0EC@$0ED@$0EE@$0EF@$0EG@$0EH@$0EI@$0EJ@$0EK@$0EL@$0EM@$0EN@$0EO@$0EP@$0FA@$0FB@$0FC@$0FD@$0FE@$0FF@$0FG@$0FH@$0FI@$0FJ@$0FK@$0FL@$0FM@$0FN@$0FO@$0FP@$0GA@$0GB@$0GC@$0GD@$0GE@$0GF@$0GG@$0GH@$0GI@$0GJ@$0GK@$0GL@$0GM@$0GN@$0GO@$0GP@$0HA@$0HB@$0HC@$0HD@$0HE@$0HF@$0HG@$0HH@$0HI@$0HJ@$0HK@$0HL@$0HM@$0HN@$0HO@$0HP@@detail@cx@@YA?AU?$char_array@$0IA@@01@PBDU?$integer_sequence@I$0A@$00$01$02$03$04$05$06$07$08$09$0L@$0M@$0N@$0O@$0P@$0BA@$0BB@$0BC@$0BD@$0BE@$0BF@$0BG@$0BH@$0BI@$0BJ@$0BK@$0BL@$0BM@$0BN@$0BO@$0BP@$0CA@$0CB@$0CC@$0CD@$0CE@$0CF@$0CG@$0CH@$0CI@$0CJ@$0CK@$0CL@$0CM@$0CN@$0CO@$0CP@$0DA@$0DB@$0DC@$0DD@$0DE@$0DF@$0DG@$0DH@$0DI@$0DJ@$0DK@$0DL@$0DM@$0DN@$0DO@$0DP@$0EA@$0EB@$0EC@$0ED@$0EE@$0EF@$0EG@$0EH@$0EI@$0EJ@$0EK@$0EL@$0EM@$0EN@$0EO@$0EP@$0FA@$0FB@$0FC@$0FD@$0FE@$0FF@$0FG@$0FH@$0FI@$0FJ@$0FK@$0FL@$0FM@$0FN@$0FO@$0FP@$0GA@$0GB@$0GC@$0GD@$0GE@$0GF@$0GG@$0GH@$0GI@$0GJ@$0GK@$0GL@$0GM@$0GN@$0GO@$0GP@$0HA@$0HB@$0HC@$0HD@$0HE@$0HF@$0HG@$0HH@$0HI@$0HJ@$0HK@$0HL@$0HM@$0HN@$0HO@$0HP@@std@@@Z 10007330 f i EndScene.obj
 0001:000069c0       ??$encrypt@$0?FLHLIONHJGHIGIEM@$0A@$00$01$02$03$04$05$06$07$08$09$0L@$0M@$0N@$0O@$0P@$0BA@$0BB@$0BC@$0BD@$0BE@$0BF@$0BG@$0BH@$0BI@$0BJ@$0BK@$0BL@$0BM@$0BN@$0BO@$0BP@$0CA@$0CB@$0CC@$0CD@$0CE@$0CF@$0CG@$0CH@$0CI@$0CJ@$0CK@$0CL@$0CM@$0CN@$0CO@$0CP@$0DA@$0DB@$0DC@$0DD@$0DE@$0DF@$0DG@$0DH@$0DI@$0DJ@$0DK@$0DL@$0DM@$0DN@$0DO@$0DP@$0EA@$0EB@@detail@cx@@YA?AU?$char_array@$0EC@@01@PBDU?$integer_sequence@I$0A@$00$01$02$03$04$05$06$07$08$09$0L@$0M@$0N@$0O@$0P@$0BA@$0BB@$0BC@$0BD@$0BE@$0BF@$0BG@$0BH@$0BI@$0BJ@$0BK@$0BL@$0BM@$0BN@$0BO@$0BP@$0CA@$0CB@$0CC@$0CD@$0CE@$0CF@$0CG@$0CH@$0CI@$0CJ@$0CK@$0CL@$0CM@$0CN@$0CO@$0CP@$0DA@$0DB@$0DC@$0DD@$0DE@$0DF@$0DG@$0DH@$0DI@$0DJ@$0DK@$0DL@$0DM@$0DN@$0DO@$0DP@$0EA@$0EB@@std@@@Z 100079c0 f i EndScene.obj
 0001:00006d30       ??$encrypt@$0?FLHLIONHJGHIGILB@$0A@$00$01$02$03$04$05$06$07$08$09$0L@$0M@$0N@$0O@@detail@cx@@YA?AU?$char_array@$0P@@01@PBDU?$integer_sequence@I$0A@$00$01$02$03$04$05$06$07$08$09$0L@$0M@$0N@$0O@@std@@@Z 10007d30 f i EndScene.obj
 0001:00006e00       ??$encrypt@$0?FLHLIONHJGHIGJCJ@$0A@$00$01$02$03$04$05$06$07$08$09$0L@$0M@$0N@$0O@$0P@$0BA@$0BB@$0BC@$0BD@$0BE@$0BF@$0BG@$0BH@$0BI@$0BJ@@detail@cx@@YA?AU?$char_array@$0BK@@01@PBDU?$integer_sequence@I$0A@$00$01$02$03$04$05$06$07$08$09$0L@$0M@$0N@$0O@$0P@$0BA@$0BB@$0BC@$0BD@$0BE@$0BF@$0BG@$0BH@$0BI@$0BJ@@std@@@Z 10007e00 f i EndScene.obj
 0001:00006f60       ??$encrypt@$0?FLHLIONHJGHIHDNC@$0A@$00$01$02$03@detail@cx@@YA?AU?$char_array@$04@01@PBDU?$integer_sequence@I$0A@$00$01$02$03@std@@@Z 10007f60 f i EndScene.obj
 0001:00006fb0       ??$encrypt@$0?FLHLIONHJGHIHEAP@$0A@$00$01$02$03$04$05$06@detail@cx@@YA?AU?$char_array@$07@01@PBDU?$integer_sequence@I$0A@$00$01$02$03$04$05$06@std@@@Z 10007fb0 f i EndScene.obj
 0001:00007030       ??$encrypt@$0?FLHLIONHJGHIHEFF@$0A@$00$01$02$03$04$05$06$07$08@detail@cx@@YA?AU?$char_array@$09@01@PBDU?$integer_sequence@I$0A@$00$01$02$03$04$05$06$07$08@std@@@Z 10008030 f i EndScene.obj
 0001:000070c0       ??$encrypt@$0?FLHLIONHJGHIHEJI@$0A@$00$01$02$03$04$05$06$07$08$09$0L@$0M@@detail@cx@@YA?AU?$char_array@$0N@@01@PBDU?$integer_sequence@I$0A@$00$01$02$03$04$05$06$07$08$09$0L@$0M@@std@@@Z 100080c0 f i EndScene.obj
 0001:00007180       ??$encrypt@$0?FLHLIONHJGHIHEON@$0A@$00$01$02$03$04$05$06$07$08$09$0L@@detail@cx@@YA?AU?$char_array@$0M@@01@PBDU?$integer_sequence@I$0A@$00$01$02$03$04$05$06$07$08$09$0L@@std@@@Z 10008180 f i EndScene.obj
 0001:00007230       ??$encrypt@$0?FLHLIONHJGHIHFAI@$0A@$00$01$02$03@detail@cx@@YA?AU?$char_array@$04@01@PBDU?$integer_sequence@I$0A@$00$01$02$03@std@@@Z 10008230 f i EndScene.obj
 0001:00007280       ??$encrypt@$0?FLHLIONHJGHIHFAM@$0A@$00$01$02$03$04$05$06$07@detail@cx@@YA?AU?$char_array@$08@01@PBDU?$integer_sequence@I$0A@$00$01$02$03$04$05$06$07@std@@@Z 10008280 f i EndScene.obj
 0001:00007300       ??$encrypt@$0?FLHLIONHJGHIHFAP@$0A@$00$01$02$03$04$05$06$07$08$09$0L@$0M@$0N@$0O@$0P@$0BA@$0BB@$0BC@$0BD@$0BE@$0BF@$0BG@$0BH@$0BI@$0BJ@$0BK@$0BL@$0BM@$0BN@$0BO@$0BP@$0CA@$0CB@$0CC@$0CD@$0CE@$0CF@$0CG@$0CH@$0CI@$0CJ@$0CK@$0CL@$0CM@$0CN@$0CO@$0CP@$0DA@$0DB@$0DC@$0DD@$0DE@$0DF@$0DG@@detail@cx@@YA?AU?$char_array@$0DH@@01@PBDU?$integer_sequence@I$0A@$00$01$02$03$04$05$06$07$08$09$0L@$0M@$0N@$0O@$0P@$0BA@$0BB@$0BC@$0BD@$0BE@$0BF@$0BG@$0BH@$0BI@$0BJ@$0BK@$0BL@$0BM@$0BN@$0BO@$0BP@$0CA@$0CB@$0CC@$0CD@$0CE@$0CF@$0CG@$0CH@$0CI@$0CJ@$0CK@$0CL@$0CM@$0CN@$0CO@$0CP@$0DA@$0DB@$0DC@$0DD@$0DE@$0DF@$0DG@@std@@@Z 10008300 f i EndScene.obj
 0001:000075e0       ??$encrypt@$0?FLHLIONHJGHIHFBD@$0A@$00$01$02$03$04$05$06$07$08$09$0L@$0M@$0N@$0O@$0P@$0BA@$0BB@$0BC@$0BD@$0BE@$0BF@$0BG@$0BH@$0BI@$0BJ@$0BK@$0BL@$0BM@$0BN@$0BO@$0BP@$0CA@$0CB@$0CC@$0CD@$0CE@$0CF@@detail@cx@@YA?AU?$char_array@$0CG@@01@PBDU?$integer_sequence@I$0A@$00$01$02$03$04$05$06$07$08$09$0L@$0M@$0N@$0O@$0P@$0BA@$0BB@$0BC@$0BD@$0BE@$0BF@$0BG@$0BH@$0BI@$0BJ@$0BK@$0BL@$0BM@$0BN@$0BO@$0BP@$0CA@$0CB@$0CC@$0CD@$0CE@$0CF@@std@@@Z 100085e0 f i EndScene.obj
 0001:000077e0       ??$encrypt@$0?FLHLIONHJGHIHFBH@$0A@$00$01$02$03$04$05$06$07$08$09$0L@$0M@$0N@$0O@$0P@$0BA@$0BB@$0BC@$0BD@$0BE@$0BF@$0BG@$0BH@$0BI@$0BJ@$0BK@$0BL@$0BM@$0BN@$0BO@$0BP@$0CA@$0CB@$0CC@$0CD@$0CE@$0CF@$0CG@$0CH@$0CI@$0CJ@$0CK@$0CL@@detail@cx@@YA?AU?$char_array@$0CM@@01@PBDU?$integer_sequence@I$0A@$00$01$02$03$04$05$06$07$08$09$0L@$0M@$0N@$0O@$0P@$0BA@$0BB@$0BC@$0BD@$0BE@$0BF@$0BG@$0BH@$0BI@$0BJ@$0BK@$0BL@$0BM@$0BN@$0BO@$0BP@$0CA@$0CB@$0CC@$0CD@$0CE@$0CF@$0CG@$0CH@$0CI@$0CJ@$0CK@$0CL@@std@@@Z 100087e0 f i EndScene.obj
 0001:00007a30       ??$encrypt@$0?FLHLIONHJGHIHFBL@$0A@$00$01$02$03$04$05$06$07$08$09$0L@$0M@$0N@$0O@$0P@$0BA@$0BB@$0BC@$0BD@$0BE@$0BF@$0BG@$0BH@$0BI@$0BJ@$0BK@$0BL@$0BM@$0BN@$0BO@$0BP@$0CA@$0CB@$0CC@$0CD@$0CE@$0CF@$0CG@$0CH@$0CI@$0CJ@$0CK@$0CL@$0CM@$0CN@$0CO@$0CP@$0DA@@detail@cx@@YA?AU?$char_array@$0DB@@01@PBDU?$integer_sequence@I$0A@$00$01$02$03$04$05$06$07$08$09$0L@$0M@$0N@$0O@$0P@$0BA@$0BB@$0BC@$0BD@$0BE@$0BF@$0BG@$0BH@$0BI@$0BJ@$0BK@$0BL@$0BM@$0BN@$0BO@$0BP@$0CA@$0CB@$0CC@$0CD@$0CE@$0CF@$0CG@$0CH@$0CI@$0CJ@$0CK@$0CL@$0CM@$0CN@$0CO@$0CP@$0DA@@std@@@Z 10008a30 f i EndScene.obj
 0001:00007cc0       ??$encrypt@$0?FLHLIONHJGHIHFBP@$0A@$00$01$02$03$04$05$06$07$08$09$0L@$0M@$0N@$0O@$0P@$0BA@$0BB@$0BC@$0BD@$0BE@$0BF@$0BG@$0BH@$0BI@$0BJ@$0BK@$0BL@$0BM@$0BN@$0BO@$0BP@$0CA@$0CB@$0CC@$0CD@$0CE@$0CF@$0CG@$0CH@$0CI@$0CJ@$0CK@$0CL@$0CM@$0CN@$0CO@$0CP@@detail@cx@@YA?AU?$char_array@$0DA@@01@PBDU?$integer_sequence@I$0A@$00$01$02$03$04$05$06$07$08$09$0L@$0M@$0N@$0O@$0P@$0BA@$0BB@$0BC@$0BD@$0BE@$0BF@$0BG@$0BH@$0BI@$0BJ@$0BK@$0BL@$0BM@$0BN@$0BO@$0BP@$0CA@$0CB@$0CC@$0CD@$0CE@$0CF@$0CG@$0CH@$0CI@$0CJ@$0CK@$0CL@$0CM@$0CN@$0CO@$0CP@@std@@@Z 10008cc0 f i EndScene.obj
 0001:00007f40       ??$encrypt@$0?FLHLIONHJGHIHFCD@$0A@$00$01$02$03$04$05$06$07$08$09$0L@$0M@$0N@$0O@$0P@$0BA@$0BB@$0BC@$0BD@$0BE@$0BF@$0BG@$0BH@$0BI@$0BJ@$0BK@$0BL@$0BM@$0BN@$0BO@$0BP@$0CA@$0CB@$0CC@$0CD@$0CE@$0CF@$0CG@@detail@cx@@YA?AU?$char_array@$0CH@@01@PBDU?$integer_sequence@I$0A@$00$01$02$03$04$05$06$07$08$09$0L@$0M@$0N@$0O@$0P@$0BA@$0BB@$0BC@$0BD@$0BE@$0BF@$0BG@$0BH@$0BI@$0BJ@$0BK@$0BL@$0BM@$0BN@$0BO@$0BP@$0CA@$0CB@$0CC@$0CD@$0CE@$0CF@$0CG@@std@@@Z 10008f40 f i EndScene.obj
 0001:00008150       ??$encrypt@$0?FLHLIONHJGHIHFCJ@$0A@$00$01$02$03$04$05$06$07$08$09$0L@$0M@$0N@$0O@$0P@$0BA@$0BB@$0BC@$0BD@$0BE@$0BF@$0BG@$0BH@$0BI@$0BJ@$0BK@$0BL@$0BM@$0BN@$0BO@$0BP@$0CA@$0CB@$0CC@$0CD@$0CE@$0CF@$0CG@$0CH@$0CI@$0CJ@$0CK@$0CL@$0CM@$0CN@$0CO@$0CP@$0DA@$0DB@$0DC@$0DD@$0DE@$0DF@$0DG@$0DH@$0DI@$0DJ@$0DK@$0DL@$0DM@@detail@cx@@YA?AU?$char_array@$0DN@@01@PBDU?$integer_sequence@I$0A@$00$01$02$03$04$05$06$07$08$09$0L@$0M@$0N@$0O@$0P@$0BA@$0BB@$0BC@$0BD@$0BE@$0BF@$0BG@$0BH@$0BI@$0BJ@$0BK@$0BL@$0BM@$0BN@$0BO@$0BP@$0CA@$0CB@$0CC@$0CD@$0CE@$0CF@$0CG@$0CH@$0CI@$0CJ@$0CK@$0CL@$0CM@$0CN@$0CO@$0CP@$0DA@$0DB@$0DC@$0DD@$0DE@$0DF@$0DG@$0DH@$0DI@$0DJ@$0DK@$0DL@$0DM@@std@@@Z 10009150 f i EndScene.obj
 0001:000085b0       ??$encrypt@$0?FLHLIONHJGHIHFCJ@$0A@$00$01$02$03$04$05$06$07$08$09@detail@cx@@YA?AU?$char_array@$0L@@01@PBDU?$integer_sequence@I$0A@$00$01$02$03$04$05$06$07$08$09@std@@@Z 100095b0 f i EndScene.obj
 0001:00008680       ??$encrypt@$0?FLHLIONHJGHIHFCK@$0A@$00$01$02$03$04$05$06$07$08$09@detail@cx@@YA?AU?$char_array@$0L@@01@PBDU?$integer_sequence@I$0A@$00$01$02$03$04$05$06$07$08$09@std@@@Z 10009680 f i EndScene.obj
 0001:00008720       ??$encrypt@$0?FLHLIONHJGHIHFCL@$0A@$00$01$02$03$04$05$06$07$08$09$0L@@detail@cx@@YA?AU?$char_array@$0M@@01@PBDU?$integer_sequence@I$0A@$00$01$02$03$04$05$06$07$08$09$0L@@std@@@Z 10009720 f i EndScene.obj
 0001:000087d0       ??$encrypt@$0?FLHLIONHJGHIHFCM@$0A@$00$01$02$03$04@detail@cx@@YA?AU?$char_array@$05@01@PBDU?$integer_sequence@I$0A@$00$01$02$03$04@std@@@Z 100097d0 f i EndScene.obj
 0001:00008830       ??$encrypt@$0?FLHLIONHJGHIHFGL@$0A@$00$01$02$03$04$05$06$07$08$09$0L@@detail@cx@@YA?AU?$char_array@$0M@@01@PBDU?$integer_sequence@I$0A@$00$01$02$03$04$05$06$07$08$09$0L@@std@@@Z 10009830 f i EndScene.obj
 0001:000088e0       ??$encrypt@$0?FLHLIONHJGHIHFGM@$0A@$00$01$02$03@detail@cx@@YA?AU?$char_array@$04@01@PBDU?$integer_sequence@I$0A@$00$01$02$03@std@@@Z 100098e0 f i EndScene.obj
 0001:00008930       ??$encrypt@$0?FLHLIONHJGHIHFKK@$0A@$00$01$02$03$04$05$06$07$08$09$0L@$0M@$0N@$0O@$0P@$0BA@$0BB@$0BC@$0BD@$0BE@$0BF@$0BG@$0BH@$0BI@$0BJ@$0BK@$0BL@$0BM@$0BN@$0BO@$0BP@$0CA@$0CB@$0CC@$0CD@$0CE@$0CF@$0CG@$0CH@@detail@cx@@YA?AU?$char_array@$0CI@@01@PBDU?$integer_sequence@I$0A@$00$01$02$03$04$05$06$07$08$09$0L@$0M@$0N@$0O@$0P@$0BA@$0BB@$0BC@$0BD@$0BE@$0BF@$0BG@$0BH@$0BI@$0BJ@$0BK@$0BL@$0BM@$0BN@$0BO@$0BP@$0CA@$0CB@$0CC@$0CD@$0CE@$0CF@$0CG@$0CH@@std@@@Z 10009930 f i EndScene.obj
 0001:00008b50       ??$encrypt_at@$0?FLHLIONHJGHIGIEK@@detail@cx@@YADPBDI@Z 10009b50 f i EndScene.obj
 0001:00008bb0       ??$encrypt_at@$0?FLHLIONHJGHIGIEL@@detail@cx@@YADPBDI@Z 10009bb0 f i EndScene.obj
 0001:00008c10       ??$encrypt_at@$0?FLHLIONHJGHIGIEM@@detail@cx@@YADPBDI@Z 10009c10 f i EndScene.obj
 0001:00008c70       ??$encrypt_at@$0?FLHLIONHJGHIGILB@@detail@cx@@YADPBDI@Z 10009c70 f i EndScene.obj
 0001:00008cd0       ??$encrypt_at@$0?FLHLIONHJGHIGJBF@@detail@cx@@YADPBDI@Z 10009cd0 f i EndScene.obj
 0001:00008d30       ??$encrypt_at@$0?FLHLIONHJGHIGJBG@@detail@cx@@YADPBDI@Z 10009d30 f i EndScene.obj
 0001:00008d90       ??$encrypt_at@$0?FLHLIONHJGHIGJBH@@detail@cx@@YADPBDI@Z 10009d90 f i EndScene.obj
 0001:00008df0       ??$encrypt_at@$0?FLHLIONHJGHIGJBJ@@detail@cx@@YADPBDI@Z 10009df0 f i EndScene.obj
 0001:00008e50       ??$encrypt_at@$0?FLHLIONHJGHIGJBK@@detail@cx@@YADPBDI@Z 10009e50 f i EndScene.obj
 0001:00008eb0       ??$encrypt_at@$0?FLHLIONHJGHIGJBL@@detail@cx@@YADPBDI@Z 10009eb0 f i EndScene.obj
 0001:00008f10       ??$encrypt_at@$0?FLHLIONHJGHIGJBM@@detail@cx@@YADPBDI@Z 10009f10 f i EndScene.obj
 0001:00008f70       ??$encrypt_at@$0?FLHLIONHJGHIGJCJ@@detail@cx@@YADPBDI@Z 10009f70 f i EndScene.obj
 0001:00008fd0       ??$encrypt_at@$0?FLHLIONHJGHIGJGK@@detail@cx@@YADPBDI@Z 10009fd0 f i EndScene.obj
 0001:00009030       ??$encrypt_at@$0?FLHLIONHJGHIGJKL@@detail@cx@@YADPBDI@Z 1000a030 f i EndScene.obj
 0001:00009090       ??$encrypt_at@$0?FLHLIONHJGHIGJOO@@detail@cx@@YADPBDI@Z 1000a090 f i EndScene.obj
 0001:000090f0       ??$encrypt_at@$0?FLHLIONHJGHIGKBP@@detail@cx@@YADPBDI@Z 1000a0f0 f i EndScene.obj
 0001:00009150       ??$encrypt_at@$0?FLHLIONHJGHIGKFA@@detail@cx@@YADPBDI@Z 1000a150 f i EndScene.obj
 0001:000091b0       ??$encrypt_at@$0?FLHLIONHJGHIGKIB@@detail@cx@@YADPBDI@Z 1000a1b0 f i EndScene.obj
 0001:00009210       ??$encrypt_at@$0?FLHLIONHJGHIGKPL@@detail@cx@@YADPBDI@Z 1000a210 f i EndScene.obj
 0001:00009270       ??$encrypt_at@$0?FLHLIONHJGHIGLHF@@detail@cx@@YADPBDI@Z 1000a270 f i EndScene.obj
 0001:000092d0       ??$encrypt_at@$0?FLHLIONHJGHIGLOP@@detail@cx@@YADPBDI@Z 1000a2d0 f i EndScene.obj
 0001:00009330       ??$encrypt_at@$0?FLHLIONHJGHIGMGJ@@detail@cx@@YADPBDI@Z 1000a330 f i EndScene.obj
 0001:00009390       ??$encrypt_at@$0?FLHLIONHJGHIGMOD@@detail@cx@@YADPBDI@Z 1000a390 f i EndScene.obj
 0001:000093f0       ??$encrypt_at@$0?FLHLIONHJGHIGNCG@@detail@cx@@YADPBDI@Z 1000a3f0 f i EndScene.obj
 0001:00009450       ??$encrypt_at@$0?FLHLIONHJGHIGNGO@@detail@cx@@YADPBDI@Z 1000a450 f i EndScene.obj
 0001:000094b0       ??$encrypt_at@$0?FLHLIONHJGHIGNLF@@detail@cx@@YADPBDI@Z 1000a4b0 f i EndScene.obj
 0001:00009510       ??$encrypt_at@$0?FLHLIONHJGHIGNOL@@detail@cx@@YADPBDI@Z 1000a510 f i EndScene.obj
 0001:00009570       ??$encrypt_at@$0?FLHLIONHJGHIGOCK@@detail@cx@@YADPBDI@Z 1000a570 f i EndScene.obj
 0001:000095d0       ??$encrypt_at@$0?FLHLIONHJGHIGOGA@@detail@cx@@YADPBDI@Z 1000a5d0 f i EndScene.obj
 0001:00009630       ??$encrypt_at@$0?FLHLIONHJGHIGOLG@@detail@cx@@YADPBDI@Z 1000a630 f i EndScene.obj
 0001:00009690       ??$encrypt_at@$0?FLHLIONHJGHIGOPK@@detail@cx@@YADPBDI@Z 1000a690 f i EndScene.obj
 0001:000096f0       ??$encrypt_at@$0?FLHLIONHJGHIGPDE@@detail@cx@@YADPBDI@Z 1000a6f0 f i EndScene.obj
 0001:00009750       ??$encrypt_at@$0?FLHLIONHJGHIGPHN@@detail@cx@@YADPBDI@Z 1000a750 f i EndScene.obj
 0001:000097b0       ??$encrypt_at@$0?FLHLIONHJGHIGPMJ@@detail@cx@@YADPBDI@Z 1000a7b0 f i EndScene.obj
 0001:00009810       ??$encrypt_at@$0?FLHLIONHJGHIHABI@@detail@cx@@YADPBDI@Z 1000a810 f i EndScene.obj
 0001:00009870       ??$encrypt_at@$0?FLHLIONHJGHIHAGE@@detail@cx@@YADPBDI@Z 1000a870 f i EndScene.obj
 0001:000098d0       ??$encrypt_at@$0?FLHLIONHJGHIHAJC@@detail@cx@@YADPBDI@Z 1000a8d0 f i EndScene.obj
 0001:00009930       ??$encrypt_at@$0?FLHLIONHJGHIHAMD@@detail@cx@@YADPBDI@Z 1000a930 f i EndScene.obj
 0001:00009990       ??$encrypt_at@$0?FLHLIONHJGHIHBAP@@detail@cx@@YADPBDI@Z 1000a990 f i EndScene.obj
 0001:000099f0       ??$encrypt_at@$0?FLHLIONHJGHIHBEM@@detail@cx@@YADPBDI@Z 1000a9f0 f i EndScene.obj
 0001:00009a50       ??$encrypt_at@$0?FLHLIONHJGHIHBIP@@detail@cx@@YADPBDI@Z 1000aa50 f i EndScene.obj
 0001:00009ab0       ??$encrypt_at@$0?FLHLIONHJGHIHBNF@@detail@cx@@YADPBDI@Z 1000aab0 f i EndScene.obj
 0001:00009b10       ??$encrypt_at@$0?FLHLIONHJGHIHCBL@@detail@cx@@YADPBDI@Z 1000ab10 f i EndScene.obj
 0001:00009b70       ??$encrypt_at@$0?FLHLIONHJGHIHCED@@detail@cx@@YADPBDI@Z 1000ab70 f i EndScene.obj
 0001:00009bd0       ??$encrypt_at@$0?FLHLIONHJGHIHCIJ@@detail@cx@@YADPBDI@Z 1000abd0 f i EndScene.obj
 0001:00009c30       ??$encrypt_at@$0?FLHLIONHJGHIHCMG@@detail@cx@@YADPBDI@Z 1000ac30 f i EndScene.obj
 0001:00009c90       ??$encrypt_at@$0?FLHLIONHJGHIHCPH@@detail@cx@@YADPBDI@Z 1000ac90 f i EndScene.obj
 0001:00009cf0       ??$encrypt_at@$0?FLHLIONHJGHIHDEA@@detail@cx@@YADPBDI@Z 1000acf0 f i EndScene.obj
 0001:00009d50       ??$encrypt_at@$0?FLHLIONHJGHIHDHN@@detail@cx@@YADPBDI@Z 1000ad50 f i EndScene.obj
 0001:00009db0       ??$encrypt_at@$0?FLHLIONHJGHIHDNC@@detail@cx@@YADPBDI@Z 1000adb0 f i EndScene.obj
 0001:00009e10       ??$encrypt_at@$0?FLHLIONHJGHIHEAP@@detail@cx@@YADPBDI@Z 1000ae10 f i EndScene.obj
 0001:00009e70       ??$encrypt_at@$0?FLHLIONHJGHIHEFF@@detail@cx@@YADPBDI@Z 1000ae70 f i EndScene.obj
 0001:00009ed0       ??$encrypt_at@$0?FLHLIONHJGHIHEJI@@detail@cx@@YADPBDI@Z 1000aed0 f i EndScene.obj
 0001:00009f30       ??$encrypt_at@$0?FLHLIONHJGHIHEON@@detail@cx@@YADPBDI@Z 1000af30 f i EndScene.obj
 0001:00009f90       ??$encrypt_at@$0?FLHLIONHJGHIHFAI@@detail@cx@@YADPBDI@Z 1000af90 f i EndScene.obj
 0001:00009ff0       ??$encrypt_at@$0?FLHLIONHJGHIHFAK@@detail@cx@@YADPBDI@Z 1000aff0 f i EndScene.obj
 0001:0000a050       ??$encrypt_at@$0?FLHLIONHJGHIHFAM@@detail@cx@@YADPBDI@Z 1000b050 f i EndScene.obj
 0001:0000a0b0       ??$encrypt_at@$0?FLHLIONHJGHIHFAP@@detail@cx@@YADPBDI@Z 1000b0b0 f i EndScene.obj
 0001:0000a110       ??$encrypt_at@$0?FLHLIONHJGHIHFBD@@detail@cx@@YADPBDI@Z 1000b110 f i EndScene.obj
 0001:0000a170       ??$encrypt_at@$0?FLHLIONHJGHIHFBH@@detail@cx@@YADPBDI@Z 1000b170 f i EndScene.obj
 0001:0000a1d0       ??$encrypt_at@$0?FLHLIONHJGHIHFBL@@detail@cx@@YADPBDI@Z 1000b1d0 f i EndScene.obj
 0001:0000a230       ??$encrypt_at@$0?FLHLIONHJGHIHFBP@@detail@cx@@YADPBDI@Z 1000b230 f i EndScene.obj
 0001:0000a290       ??$encrypt_at@$0?FLHLIONHJGHIHFCD@@detail@cx@@YADPBDI@Z 1000b290 f i EndScene.obj
 0001:0000a2f0       ??$encrypt_at@$0?FLHLIONHJGHIHFCJ@@detail@cx@@YADPBDI@Z 1000b2f0 f i EndScene.obj
 0001:0000a350       ??$encrypt_at@$0?FLHLIONHJGHIHFCK@@detail@cx@@YADPBDI@Z 1000b350 f i EndScene.obj
 0001:0000a3b0       ??$encrypt_at@$0?FLHLIONHJGHIHFCL@@detail@cx@@YADPBDI@Z 1000b3b0 f i EndScene.obj
 0001:0000a410       ??$encrypt_at@$0?FLHLIONHJGHIHFCM@@detail@cx@@YADPBDI@Z 1000b410 f i EndScene.obj
 0001:0000a470       ??$encrypt_at@$0?FLHLIONHJGHIHFGL@@detail@cx@@YADPBDI@Z 1000b470 f i EndScene.obj
 0001:0000a4d0       ??$encrypt_at@$0?FLHLIONHJGHIHFGM@@detail@cx@@YADPBDI@Z 1000b4d0 f i EndScene.obj
 0001:0000a530       ??$encrypt_at@$0?FLHLIONHJGHIHFKK@@detail@cx@@YADPBDI@Z 1000b530 f i EndScene.obj
 0001:0000a590       ??$_Emplace_reallocate@UPlayerAA@@@?$vector@UPlayerAA@@V?$allocator@UPlayerAA@@@std@@@std@@QAEPAUPlayerAA@@QAU2@$$QAU2@@Z 1000b590 f i FrameStageNotify.obj
 0001:0000a720       ??B?$encrypted_string@$0?FLMOGCHAJLFHCDGA@$0PP@@cx@@QBE?AV?$basic_string@DU?$char_traits@D@std@@V?$allocator@D@2@@std@@XZ 1000b720 f i OverrideView.obj
 0001:0000a750       ??$encrypt@$0?FLMOGCHAJLFHCDGA@$0A@$00$01$02$03$04$05$06$07$08$09$0L@$0M@$0N@$0O@$0P@$0BA@$0BB@$0BC@$0BD@$0BE@$0BF@$0BG@$0BH@$0BI@$0BJ@$0BK@$0BL@$0BM@$0BN@$0BO@$0BP@$0CA@$0CB@$0CC@$0CD@$0CE@$0CF@$0CG@$0CH@$0CI@$0CJ@$0CK@$0CL@$0CM@$0CN@$0CO@$0CP@$0DA@$0DB@$0DC@$0DD@$0DE@$0DF@$0DG@$0DH@$0DI@$0DJ@$0DK@$0DL@$0DM@$0DN@$0DO@$0DP@$0EA@$0EB@$0EC@$0ED@$0EE@$0EF@$0EG@$0EH@$0EI@$0EJ@$0EK@$0EL@$0EM@$0EN@$0EO@$0EP@$0FA@$0FB@$0FC@$0FD@$0FE@$0FF@$0FG@$0FH@$0FI@$0FJ@$0FK@$0FL@$0FM@$0FN@$0FO@$0FP@$0GA@$0GB@$0GC@$0GD@$0GE@$0GF@$0GG@$0GH@$0GI@$0GJ@$0GK@$0GL@$0GM@$0GN@$0GO@$0GP@$0HA@$0HB@$0HC@$0HD@$0HE@$0HF@$0HG@$0HH@$0HI@$0HJ@$0HK@$0HL@$0HM@$0HN@$0HO@$0HP@$0IA@$0IB@$0IC@$0ID@$0IE@$0IF@$0IG@$0IH@$0II@$0IJ@$0IK@$0IL@$0IM@$0IN@$0IO@$0IP@$0JA@$0JB@$0JC@$0JD@$0JE@$0JF@$0JG@$0JH@$0JI@$0JJ@$0JK@$0JL@$0JM@$0JN@$0JO@$0JP@$0KA@$0KB@$0KC@$0KD@$0KE@$0KF@$0KG@$0KH@$0KI@$0KJ@$0KK@$0KL@$0KM@$0KN@$0KO@$0KP@$0LA@$0LB@$0LC@$0LD@$0LE@$0LF@$0LG@$0LH@$0LI@$0LJ@$0LK@$0LL@$0LM@$0LN@$0LO@$0LP@$0MA@$0MB@$0MC@$0MD@$0ME@$0MF@$0MG@$0MH@$0MI@$0MJ@$0MK@$0ML@$0MM@$0MN@$0MO@$0MP@$0NA@$0NB@$0NC@$0ND@$0NE@$0NF@$0NG@$0NH@$0NI@$0NJ@$0NK@$0NL@$0NM@$0NN@$0NO@$0NP@$0OA@$0OB@$0OC@$0OD@$0OE@$0OF@$0OG@$0OH@$0OI@$0OJ@$0OK@$0OL@$0OM@$0ON@$0OO@$0OP@$0PA@$0PB@$0PC@$0PD@$0PE@$0PF@$0PG@$0PH@$0PI@$0PJ@$0PK@$0PL@$0PM@$0PN@@detail@cx@@YA?AU?$char_array@$0PO@@01@PBDU?$integer_sequence@I$0A@$00$01$02$03$04$05$06$07$08$09$0L@$0M@$0N@$0O@$0P@$0BA@$0BB@$0BC@$0BD@$0BE@$0BF@$0BG@$0BH@$0BI@$0BJ@$0BK@$0BL@$0BM@$0BN@$0BO@$0BP@$0CA@$0CB@$0CC@$0CD@$0CE@$0CF@$0CG@$0CH@$0CI@$0CJ@$0CK@$0CL@$0CM@$0CN@$0CO@$0CP@$0DA@$0DB@$0DC@$0DD@$0DE@$0DF@$0DG@$0DH@$0DI@$0DJ@$0DK@$0DL@$0DM@$0DN@$0DO@$0DP@$0EA@$0EB@$0EC@$0ED@$0EE@$0EF@$0EG@$0EH@$0EI@$0EJ@$0EK@$0EL@$0EM@$0EN@$0EO@$0EP@$0FA@$0FB@$0FC@$0FD@$0FE@$0FF@$0FG@$0FH@$0FI@$0FJ@$0FK@$0FL@$0FM@$0FN@$0FO@$0FP@$0GA@$0GB@$0GC@$0GD@$0GE@$0GF@$0GG@$0GH@$0GI@$0GJ@$0GK@$0GL@$0GM@$0GN@$0GO@$0GP@$0HA@$0HB@$0HC@$0HD@$0HE@$0HF@$0HG@$0HH@$0HI@$0HJ@$0HK@$0HL@$0HM@$0HN@$0HO@$0HP@$0IA@$0IB@$0IC@$0ID@$0IE@$0IF@$0IG@$0IH@$0II@$0IJ@$0IK@$0IL@$0IM@$0IN@$0IO@$0IP@$0JA@$0JB@$0JC@$0JD@$0JE@$0JF@$0JG@$0JH@$0JI@$0JJ@$0JK@$0JL@$0JM@$0JN@$0JO@$0JP@$0KA@$0KB@$0KC@$0KD@$0KE@$0KF@$0KG@$0KH@$0KI@$0KJ@$0KK@$0KL@$0KM@$0KN@$0KO@$0KP@$0LA@$0LB@$0LC@$0LD@$0LE@$0LF@$0LG@$0LH@$0LI@$0LJ@$0LK@$0LL@$0LM@$0LN@$0LO@$0LP@$0MA@$0MB@$0MC@$0MD@$0ME@$0MF@$0MG@$0MH@$0MI@$0MJ@$0MK@$0ML@$0MM@$0MN@$0MO@$0MP@$0NA@$0NB@$0NC@$0ND@$0NE@$0NF@$0NG@$0NH@$0NI@$0NJ@$0NK@$0NL@$0NM@$0NN@$0NO@$0NP@$0OA@$0OB@$0OC@$0OD@$0OE@$0OF@$0OG@$0OH@$0OI@$0OJ@$0OK@$0OL@$0OM@$0ON@$0OO@$0OP@$0PA@$0PB@$0PC@$0PD@$0PE@$0PF@$0PG@$0PH@$0PI@$0PJ@$0PK@$0PL@$0PM@$0PN@@std@@@Z 1000b750 f i OverrideView.obj
 0001:0000b7c0       ??$encrypt_at@$0?FLMOGCHAJLFHCDGA@@detail@cx@@YADPBDI@Z 1000c7c0 f i OverrideView.obj
 0001:0000b820       ??0ImDrawList@@QAE@XZ      1000c820 f i imgui.obj
 0001:0000b910       ??1ImDrawList@@QAE@XZ      1000c910 f i imgui.obj
 0001:0000ba50       ?PathFillConvex@ImDrawList@@QAEXI@Z 1000ca50 f i imgui.obj
 0001:0000ba90       ___local_stdio_scanf_options 1000ca90 f i imgui.obj
 0001:0000baa0       __vfprintf_l               1000caa0 f i imgui.obj
 0001:0000bad0       _fprintf                   1000cad0 f i imgui.obj
 0001:0000bb00       _vsnprintf                 1000cb00 f i imgui.obj
 0001:0000bb40       __vsscanf_l                1000cb40 f i imgui.obj
 0001:0000bb70       _sscanf                    1000cb70 f i imgui.obj
 0001:0000bb90       @_guard_check_icall_nop@4  1000cb90 f i MSVCRT:guard_support.obj
 0001:0000bb90       ??3@YAXPAXUImPlacementNewDummy@@0@Z 1000cb90 f i imgui.obj
 0001:0000bba0       ??0ImRect@@QAE@ABUImVec4@@@Z 1000cba0 f i imgui.obj
 0001:0000bbd0       ?GetSize@ImRect@@QBE?AUImVec2@@XZ 1000cbd0 f i imgui.obj
 0001:0000bc00       ?ClipWith@ImRect@@QAEXABU1@@Z 1000cc00 f i imgui.obj
 0001:0000bc50       ?CursorClamp@ImGuiTextEditState@@QAEXXZ 1000cc50 f i imgui.obj
 0001:0000bc90       ??0ImGuiContext@@QAE@XZ    1000cc90 f i imgui.obj
 0001:0000c2a0       ??1ImGuiTextEditState@@QAE@XZ 1000d2a0 f i imgui.obj
 0001:0000c350       ?Rect@ImGuiWindow@@QBE?AUImRect@@XZ 1000d350 f i imgui.obj
 0001:0000c390       ?TitleBarHeight@ImGuiWindow@@QBEMXZ 1000d390 f i imgui.obj
 0001:0000c3c0       ?TitleBarRect@ImGuiWindow@@QBE?AUImRect@@XZ 1000d3c0 f i imgui.obj
 0001:0000c430       ?MenuBarHeight@ImGuiWindow@@QBEMXZ 1000d430 f i imgui.obj
 0001:0000c470       ?MenuBarRect@ImGuiWindow@@QBE?AUImRect@@XZ 1000d470 f i imgui.obj
 0001:0000c510       ??1ImGuiContext@@QAE@XZ    1000d510 f i imgui.obj
 0001:0000c710       ??1ImGuiDrawContext@@QAE@XZ 1000d710 f i imgui.obj
 0001:0000c830       ??1ImGuiStorage@@QAE@XZ    1000d830 f i imgui.obj
 0001:0000c890       ?resize@?$ImVector@I@@QAEXH@Z 1000d890 f i imgui.obj
 0001:0000c8d0       ??1?$ImVector@UImVec2@@@@QAE@XZ 1000d8d0 f i imgui.obj
 0001:0000c8d0       ??1?$ImVector@UImGuiIniData@@@@QAE@XZ 1000d8d0 f i imgui.obj
 0001:0000c8d0       ??1?$ImVector@PAX@@QAE@XZ  1000d8d0 f i imgui.obj
 0001:0000c8d0       ??1?$ImVector@UImDrawVert@@@@QAE@XZ 1000d8d0 f i imgui.obj
 0001:0000c8d0       ??1?$ImVector@UImGuiColMod@@@@QAE@XZ 1000d8d0 f i imgui.obj
 0001:0000c8d0       ??1?$ImVector@PAUImFont@@@@QAE@XZ 1000d8d0 f i imgui.obj
 0001:0000c8d0       ??1?$ImVector@PAUImGuiWindow@@@@QAE@XZ 1000d8d0 f i imgui.obj
 0001:0000c8d0       ??1?$ImVector@G@@QAE@XZ    1000d8d0 f i imgui.obj
 0001:0000c8d0       ??1?$ImVector@PAUImDrawList@@@@QAE@XZ 1000d8d0 f i imgui.obj
 0001:0000c8d0       ??1?$ImVector@UImVec4@@@@QAE@XZ 1000d8d0 f i imgui.obj
 0001:0000c8d0       ??1?$ImVector@UImDrawCmd@@@@QAE@XZ 1000d8d0 f i imgui.obj
 0001:0000c8d0       ??1?$ImVector@UImGuiPopupRef@@@@QAE@XZ 1000d8d0 f i imgui.obj
 0001:0000c8d0       ??1?$ImVector@D@@QAE@XZ    1000d8d0 f i imgui.obj
 0001:0000c8d0       ??1?$ImVector@UImDrawChannel@@@@QAE@XZ 1000d8d0 f i imgui.obj
 0001:0000c8d0       ??1?$ImVector@Ustbrp_rect@@@@QAE@XZ 1000d8d0 f i imgui_draw.obj
 0001:0000c8d0       ??1?$ImVector@I@@QAE@XZ    1000d8d0 f i imgui.obj
 0001:0000c8d0       ??1?$ImVector@UImFontGlyph@@@@QAE@XZ 1000d8d0 f i imgui_draw.obj
 0001:0000c8d0       ??1?$ImVector@UImGuiStyleMod@@@@QAE@XZ 1000d8d0 f i imgui.obj
 0001:0000c8d0       ??1?$ImVector@M@@QAE@XZ    1000d8d0 f i imgui.obj
 0001:0000c920       ?resize@?$ImVector@UImGuiColumnData@@@@QAEXH@Z 1000d920 f i imgui.obj
 0001:0000c9d0       ?resize@?$ImVector@UImFontGlyph@@@@QAEXH@Z 1000d9d0 f i imgui_draw.obj
 0001:0000c9d0       ?resize@?$ImVector@UImGuiGroupData@@@@QAEXH@Z 1000d9d0 f i imgui.obj
 0001:0000ca80       ?push_back@?$ImVector@PAUImGuiWindow@@@@QAEXABQAUImGuiWindow@@@Z 1000da80 f i imgui.obj
 0001:0000ca80       ?push_back@?$ImVector@H@@QAEXABH@Z 1000da80 f i imgui.obj
 0001:0000ca80       ?push_back@?$ImVector@PAX@@QAEXABQAX@Z 1000da80 f i imgui_draw.obj
 0001:0000cad0       ?resize@?$ImVector@M@@QAEXH@Z 1000dad0 f i imgui.obj
 0001:0000cad0       ?resize@?$ImVector@H@@QAEXH@Z 1000dad0 f i imgui.obj
 0001:0000cad0       ?resize@?$ImVector@PAUImGuiWindow@@@@QAEXH@Z 1000dad0 f i imgui.obj
 0001:0000cb10       ??0?$ImVector@PAUImDrawList@@@@QAE@XZ 1000db10 f i imgui.obj
 0001:0000cb30       ?push_back@?$ImVector@UImGuiPopupRef@@@@QAEXABUImGuiPopupRef@@@Z 1000db30 f i imgui.obj
 0001:0000cb90       ?push_back@?$ImVector@UImGuiStyleMod@@@@QAEXABUImGuiStyleMod@@@Z 1000db90 f i imgui.obj
 0001:0000cc50       ?push_back@?$ImVector@UImGuiColMod@@@@QAEXABUImGuiColMod@@@Z 1000dc50 f i imgui.obj
 0001:0000cd10       ?reserve@?$ImVector@PAX@@QAEXH@Z 1000dd10 f i imgui_draw.obj
 0001:0000cd10       ?reserve@?$ImVector@PAUImDrawList@@@@QAEXH@Z 1000dd10 f i imgui.obj
 0001:0000cd10       ?reserve@?$ImVector@M@@QAEXH@Z 1000dd10 f i imgui.obj
 0001:0000cd10       ?reserve@?$ImVector@I@@QAEXH@Z 1000dd10 f i imgui.obj
 0001:0000cd10       ?reserve@?$ImVector@H@@QAEXH@Z 1000dd10 f i imgui.obj
 0001:0000cd10       ?reserve@?$ImVector@PAUImGuiWindow@@@@QAEXH@Z 1000dd10 f i imgui.obj
 0001:0000cd90       ?push_back@?$ImVector@PAUImFont@@@@QAEXABQAUImFont@@@Z 1000dd90 f i imgui.obj
 0001:0000ce40       ?push_back@?$ImVector@UImVec2@@@@QAEXABUImVec2@@@Z 1000de40 f i imgui.obj
 0001:0000ce90       ?resize@?$ImVector@G@@QAEXH@Z 1000de90 f i imgui.obj
 0001:0000ced0       ?insert@?$ImVector@UPair@ImGuiStorage@@@@QAEPAUPair@ImGuiStorage@@PBU23@ABU23@@Z 1000ded0 f i imgui.obj
 0001:0000cfb0       ?reserve@?$ImVector@D@@QAEXH@Z 1000dfb0 f i imgui.obj
 0001:0000d020       ?resize@?$ImVector@D@@QAEXH@Z 1000e020 f i imgui.obj
 0001:0000d060       ?reserve@?$ImVector@UImGuiPopupRef@@@@QAEXH@Z 1000e060 f i imgui.obj
 0001:0000d0e0       ?reserve@?$ImVector@UImVec2@@@@QAEXH@Z 1000e0e0 f i imgui.obj
 0001:0000d160       ?reserve@?$ImVector@G@@QAEXH@Z 1000e160 f i imgui.obj
 0001:0000d1d0       __snprintf                 1000e1d0 f i imgui_draw.obj
 0001:0000d1f0       ?push_back@?$ImVector@UCustomRect@ImFontAtlas@@@@QAEXABUCustomRect@ImFontAtlas@@@Z 1000e1f0 f i imgui_draw.obj
 0001:0000d2d0       ?resize@?$ImVector@UImDrawVert@@@@QAEXH@Z 1000e2d0 f i imgui_draw.obj
 0001:0000d380       ?reserve@?$ImVector@UImVec4@@@@QAEXH@Z 1000e380 f i imgui_draw.obj
 0001:0000d400       ?reserve@?$ImVector@UImDrawCmd@@@@QAEXH@Z 1000e400 f i imgui_draw.obj
 0001:0000d480       _snprintf                  1000e480 f i json11.obj
 0001:0000d4a0       ?_Get_deleter@_Ref_count_base@std@@UBEPAXABVtype_info@@@Z 1000e4a0 f i json11.obj
 0001:0000d4b0       ??_GJsonValue@json11@@MAEPAXI@Z 1000e4b0 f i json11.obj
 0001:0000d4b0       ??_EJsonValue@json11@@MAEPAXI@Z 1000e4b0 f i * CIL library *:* CIL module *
 0001:0000d4e0       ?bool_value@JsonBoolean@json11@@EBE_NXZ 1000e4e0 f i json11.obj
 0001:0000d4f0       ??_EJsonBoolean@json11@@UAEPAXI@Z 1000e4f0 f i * CIL library *:* CIL module *
 0001:0000d4f0       ??_EJsonNull@json11@@UAEPAXI@Z 1000e4f0 f i * CIL library *:* CIL module *
 0001:0000d4f0       ??_GJsonNull@json11@@UAEPAXI@Z 1000e4f0 f i json11.obj
 0001:0000d4f0       ??_GJsonBoolean@json11@@UAEPAXI@Z 1000e4f0 f i json11.obj
 0001:0000d520       ?dump@?$Value@$0A@UNullStruct@json11@@@json11@@MBEXAAV?$basic_string@DU?$char_traits@D@std@@V?$allocator@D@2@@std@@@Z 1000e520 f i json11.obj
 0001:0000d580       ?less@?$Value@$0A@UNullStruct@json11@@@json11@@MBE_NPBVJsonValue@2@@Z 1000e580 f i json11.obj
 0001:0000d590       ?equals@?$Value@$0A@UNullStruct@json11@@@json11@@MBE_NPBVJsonValue@2@@Z 1000e590 f i json11.obj
 0001:0000d5a0       ?dump@?$Value@$01_N@json11@@MBEXAAV?$basic_string@DU?$char_traits@D@std@@V?$allocator@D@2@@std@@@Z 1000e5a0 f i json11.obj
 0001:0000d5d0       ?less@?$Value@$01_N@json11@@MBE_NPBVJsonValue@2@@Z 1000e5d0 f i json11.obj
 0001:0000d5f0       ?equals@?$Value@$01_N@json11@@MBE_NPBVJsonValue@2@@Z 1000e5f0 f i json11.obj
 0001:0000d610       ?type@?$Value@$01_N@json11@@MBE?AW4Type@Json@2@XZ 1000e610 f i json11.obj
 0001:0000d620       ??1?$shared_ptr@VJsonValue@json11@@@std@@QAE@XZ 1000e620 f i json11.obj
 0001:0000d650       ??1?$vector@VJson@json11@@V?$allocator@VJson@json11@@@std@@@std@@QAE@XZ 1000e650 f i json11.obj
 0001:0000d660       ?_Tidy@?$vector@VJson@json11@@V?$allocator@VJson@json11@@@std@@@std@@AAEXXZ 1000e660 f i json11.obj
 0001:0000d6c0       ?_Buyheadnode@?$_Tree_comp_alloc@V?$_Tmap_traits@V?$basic_string@DU?$char_traits@D@std@@V?$allocator@D@2@@std@@VJson@json11@@U?$less@V?$basic_string@DU?$char_traits@D@std@@V?$allocator@D@2@@std@@@2@V?$allocator@U?$pair@$$CBV?$basic_string@DU?$char_traits@D@std@@V?$allocator@D@2@@std@@VJson@json11@@@std@@@2@$0A@@std@@@std@@QAEPAU?$_Tree_node@U?$pair@$$CBV?$basic_string@DU?$char_traits@D@std@@V?$allocator@D@2@@std@@VJson@json11@@@std@@PAX@2@XZ 1000e6c0 f i json11.obj
 0001:0000d6e0       ?_Erase@?$_Tree@V?$_Tmap_traits@V?$basic_string@DU?$char_traits@D@std@@V?$allocator@D@2@@std@@VJson@json11@@U?$less@V?$basic_string@DU?$char_traits@D@std@@V?$allocator@D@2@@std@@@2@V?$allocator@U?$pair@$$CBV?$basic_string@DU?$char_traits@D@std@@V?$allocator@D@2@@std@@VJson@json11@@@std@@@2@$0A@@std@@@std@@IAEXPAU?$_Tree_node@U?$pair@$$CBV?$basic_string@DU?$char_traits@D@std@@V?$allocator@D@2@@std@@VJson@json11@@@std@@PAX@2@@Z 1000e6e0 f i json11.obj
 0001:0000d730       ??$?HDU?$char_traits@D@std@@V?$allocator@D@1@@std@@YA?AV?$basic_string@DU?$char_traits@D@std@@V?$allocator@D@2@@0@$$QAV10@0@Z 1000e730 f i json11.obj
 0001:0000d7b0       ??$_Traits_compare@U?$char_traits@D@std@@@std@@YAHQBDI0I@Z 1000e7b0 f i json11.obj
 0001:0000d830       ??$_Lbound@V?$basic_string@DU?$char_traits@D@std@@V?$allocator@D@2@@std@@@?$_Tree@V?$_Tmap_traits@V?$basic_string@DU?$char_traits@D@std@@V?$allocator@D@2@@std@@VJson@json11@@U?$less@V?$basic_string@DU?$char_traits@D@std@@V?$allocator@D@2@@std@@@2@V?$allocator@U?$pair@$$CBV?$basic_string@DU?$char_traits@D@std@@V?$allocator@D@2@@std@@VJson@json11@@@std@@@2@$0A@@std@@@std@@IBEPAU?$_Tree_node@U?$pair@$$CBV?$basic_string@DU?$char_traits@D@std@@V?$allocator@D@2@@std@@VJson@json11@@@std@@PAX@1@ABV?$basic_string@DU?$char_traits@D@std@@V?$allocator@D@2@@1@@Z 1000e830 f i json11.obj
 0001:0000d890       ??$_Destroy_range@V?$allocator@VJson@json11@@@std@@@std@@YAXPAVJson@json11@@0AAV?$allocator@VJson@json11@@@0@@Z 1000e890 f i json11.obj
 0001:0000d8e0       ??1?$pair@$$CBV?$basic_string@DU?$char_traits@D@std@@V?$allocator@D@2@@std@@VJson@json11@@@std@@QAE@XZ 1000e8e0 f i json11.obj
 0001:0000d960       ?_Delete_this@?$_Ref_count_obj@VJsonBoolean@json11@@@std@@EAEXXZ 1000e960 f i json11.obj
 0001:0000d960       ?_Delete_this@?$_Ref_count_obj@VJsonNull@json11@@@std@@EAEXXZ 1000e960 f i json11.obj
 0001:0000d970       ?_Destroy@?$_Ref_count_obj@VJsonNull@json11@@@std@@EAEXXZ 1000e970 f i json11.obj
 0001:0000d970       ?_Destroy@?$_Ref_count_obj@VJsonBoolean@json11@@@std@@EAEXXZ 1000e970 f i json11.obj
 0001:0000d980       ?insert@?$basic_string@DU?$char_traits@D@std@@V?$allocator@D@2@@std@@QAEAAV12@IQBDI@Z 1000e980 f i json11.obj
 0001:0000da30       ??$_Reallocate_grow_by@V<lambda_4d79bb85f269e6e8002a4599002d832c>@@IPBDI@?$basic_string@DU?$char_traits@D@std@@V?$allocator@D@2@@std@@QAEAAV01@IV<lambda_4d79bb85f269e6e8002a4599002d832c>@@IPBDI@Z 1000ea30 f i json11.obj
 0001:0000db70       ??_G?$_Ref_count_obj@VJsonNull@json11@@@std@@UAEPAXI@Z 1000eb70 f i json11.obj
 0001:0000db70       ??_G?$_Ref_count_obj@VJsonBoolean@json11@@@std@@UAEPAXI@Z 1000eb70 f i json11.obj
 0001:0000db70       ??_E?$_Ref_count_obj@VJsonBoolean@json11@@@std@@UAEPAXI@Z 1000eb70 f i * CIL library *:* CIL module *
 0001:0000db70       ??_E?$_Ref_count_obj@VJsonNull@json11@@@std@@UAEPAXI@Z 1000eb70 f i * CIL library *:* CIL module *
 0001:0000db90       ??$encrypt_at@$0CDOOKOMGAONLMKMF@@detail@cx@@YADPBDI@Z 1000eb90 f i Draw.obj
 0001:0000dbf0       ??$encrypt_at@$0CDOOKOMGAONLMKME@@detail@cx@@YADPBDI@Z 1000ebf0 f i Draw.obj
 0001:0000dc50       ??$encrypt_at@$0CDOOKOMGAONLMKMD@@detail@cx@@YADPBDI@Z 1000ec50 f i Draw.obj
 0001:0000dcb0       ??$encrypt_at@$0CDOOKOMGAONLMKMC@@detail@cx@@YADPBDI@Z 1000ecb0 f i Draw.obj
 0001:0000dd10       ??$encrypt_at@$0?HBMKHCBOGDDBBGOH@@detail@cx@@YADPBDI@Z 1000ed10 f i Entity.obj
 0001:0000dd70       ??$encrypt_at@$0?HBMKHCBOGDDBBGOJ@@detail@cx@@YADPBDI@Z 1000ed70 f i Entity.obj
 0001:0000ddd0       ??$encrypt_at@$0?HBMKHCBOGDDBBGOL@@detail@cx@@YADPBDI@Z 1000edd0 f i Entity.obj
 0001:0000de30       ??$encrypt_at@$0?HBMKHCBOGDDBBGON@@detail@cx@@YADPBDI@Z 1000ee30 f i Entity.obj
 0001:0000de90       ??$encrypt_at@$0?HBMKHCBOGDDBBGOP@@detail@cx@@YADPBDI@Z 1000ee90 f i Entity.obj
 0001:0000def0       ??$encrypt_at@$0?HBMKHCBOGDDBBGPB@@detail@cx@@YADPBDI@Z 1000eef0 f i Entity.obj
 0001:0000df50       ??$encrypt_at@$0?HBMKHCBOGDDBBGPD@@detail@cx@@YADPBDI@Z 1000ef50 f i Entity.obj
 0001:0000dfb0       ??$encrypt_at@$0?HBMKHCBOGDDBBGPF@@detail@cx@@YADPBDI@Z 1000efb0 f i Entity.obj
 0001:0000e010       ??$encrypt_at@$0?HBMKHCBOGDDBBGPH@@detail@cx@@YADPBDI@Z 1000f010 f i Entity.obj
 0001:0000e070       ??$encrypt_at@$0?HBMKHCBOGDDBBGPJ@@detail@cx@@YADPBDI@Z 1000f070 f i Entity.obj
 0001:0000e0d0       ??$encrypt_at@$0?HBMKHCBOGDDBBGPL@@detail@cx@@YADPBDI@Z 1000f0d0 f i Entity.obj
 0001:0000e130       ??$encrypt_at@$0?HBMKHCBOGDDBBGPP@@detail@cx@@YADPBDI@Z 1000f130 f i Entity.obj
 0001:0000e190       ??$encrypt_at@$0?HBMKHCBOGDDBBHAB@@detail@cx@@YADPBDI@Z 1000f190 f i Entity.obj
 0001:0000e1f0       ??$encrypt_at@$0?HBMKHCBOGDDBBHAD@@detail@cx@@YADPBDI@Z 1000f1f0 f i Entity.obj
 0001:0000e250       ??$encrypt_at@$0?HBMKHCBOGDDBBHAF@@detail@cx@@YADPBDI@Z 1000f250 f i Entity.obj
 0001:0000e2b0       ??$encrypt_at@$0?HBMKHCBOGDDBBHAH@@detail@cx@@YADPBDI@Z 1000f2b0 f i Entity.obj
 0001:0000e310       ??$encrypt_at@$0?HBMKHCBOGDDBBHAJ@@detail@cx@@YADPBDI@Z 1000f310 f i Entity.obj
 0001:0000e370       ??$encrypt_at@$0?HBMKHCBOGDDBBHAL@@detail@cx@@YADPBDI@Z 1000f370 f i Entity.obj
 0001:0000e3d0       ??$encrypt_at@$0?HBMKHCBOGDDBBHAN@@detail@cx@@YADPBDI@Z 1000f3d0 f i Entity.obj
 0001:0000e430       ??$encrypt_at@$0?HBMKHCBOGDDBBHAP@@detail@cx@@YADPBDI@Z 1000f430 f i Entity.obj
 0001:0000e490       ??$encrypt_at@$0?HBMKHCBOGDDBBHBB@@detail@cx@@YADPBDI@Z 1000f490 f i Entity.obj
 0001:0000e4f0       ??$encrypt_at@$0?HBMKHCBOGDDBBHBD@@detail@cx@@YADPBDI@Z 1000f4f0 f i Entity.obj
 0001:0000e550       ??$encrypt_at@$0?HBMKHCBOGDDBBHBF@@detail@cx@@YADPBDI@Z 1000f550 f i Entity.obj
 0001:0000e5b0       ??$encrypt_at@$0?HBMKHCBOGDDBBHBH@@detail@cx@@YADPBDI@Z 1000f5b0 f i Entity.obj
 0001:0000e610       ??$encrypt_at@$0?HBMKHCBOGDDBBHBJ@@detail@cx@@YADPBDI@Z 1000f610 f i Entity.obj
 0001:0000e670       ??$encrypt_at@$0?HBMKHCBOGDDBBHBL@@detail@cx@@YADPBDI@Z 1000f670 f i Entity.obj
 0001:0000e6d0       ??$encrypt_at@$0?HBMKHCBOGDDBBHBN@@detail@cx@@YADPBDI@Z 1000f6d0 f i Entity.obj
 0001:0000e730       ??$encrypt_at@$0?HBMKHCBOGDDBBHBP@@detail@cx@@YADPBDI@Z 1000f730 f i Entity.obj
 0001:0000e790       ??$encrypt_at@$0?HBMKHCBOGDDBBHCB@@detail@cx@@YADPBDI@Z 1000f790 f i Entity.obj
 0001:0000e7f0       ??$encrypt_at@$0?HBMKHCBOGDDBBHCD@@detail@cx@@YADPBDI@Z 1000f7f0 f i Entity.obj
 0001:0000e850       ??$encrypt_at@$0?HBMKHCBOGDDBBHCF@@detail@cx@@YADPBDI@Z 1000f850 f i Entity.obj
 0001:0000e8b0       ??$encrypt_at@$0?HBMKHCBOGDDBBHCH@@detail@cx@@YADPBDI@Z 1000f8b0 f i Entity.obj
 0001:0000e910       ??$encrypt_at@$0?HBMKHCBOGDDBBHCJ@@detail@cx@@YADPBDI@Z 1000f910 f i Entity.obj
 0001:0000e970       ??$encrypt_at@$0?HBMKHCBOGDDBBHCL@@detail@cx@@YADPBDI@Z 1000f970 f i Entity.obj
 0001:0000e9d0       ??$encrypt_at@$0?HBMKHCBOGDDBBHCN@@detail@cx@@YADPBDI@Z 1000f9d0 f i Entity.obj
 0001:0000ea30       ??$encrypt_at@$0?HBMKHCBOGDDBBHCP@@detail@cx@@YADPBDI@Z 1000fa30 f i Entity.obj
 0001:0000ea90       ??$encrypt_at@$0?HBMKHCBOGDDBBHDB@@detail@cx@@YADPBDI@Z 1000fa90 f i Entity.obj
 0001:0000eaf0       ??$encrypt_at@$0?HBMKHCBOGDDBBHDD@@detail@cx@@YADPBDI@Z 1000faf0 f i Entity.obj
[...]
 0002:000193e0       __ehfuncinfo$?Setup@CConfig@@QAEXXZ 100ae3e0     Config.obj
 0002:00019404       __ehfuncinfo$?GetConfigs@Variables@@QAE?AV?$vector@V?$basic_string@DU?$char_traits@D@std@@V?$allocator@D@2@@std@@V?$allocator@V?$basic_string@DU?$char_traits@D@std@@V?$allocator@D@2@@std@@@2@@std@@XZ 100ae404     Config.obj
 0002:00019428       __unwindtable$?Setup@CConfig@@QAEXXZ 100ae428     Config.obj
 0002:00019958       __unwindtable$?GetConfigs@Variables@@QAE?AV?$vector@V?$basic_string@DU?$char_traits@D@std@@V?$allocator@D@2@@std@@V?$allocator@V?$basic_string@DU?$char_traits@D@std@@V?$allocator@D@2@@std@@@2@@std@@XZ 100ae958     Config.obj
 0002:00019970       __ehfuncinfo$?CreateConfig@Variables@@QAEXV?$basic_string@DU?$char_traits@D@std@@V?$allocator@D@2@@std@@@Z 100ae970     Config.obj
 0002:00019994       __unwindtable$?CreateConfig@Variables@@QAEXV?$basic_string@DU?$char_traits@D@std@@V?$allocator@D@2@@std@@@Z 100ae994     Config.obj
 0002:000199cc       __ehfuncinfo$?Load@Variables@@QAE_NV?$basic_string@DU?$char_traits@D@std@@V?$allocator@D@2@@std@@@Z 100ae9cc     Config.obj
 0002:000199f0       __unwindtable$?Load@Variables@@QAE_NV?$basic_string@DU?$char_traits@D@std@@V?$allocator@D@2@@std@@@Z 100ae9f0     Config.obj
 0002:00019a38       __ehfuncinfo$?Save@Variables@@QAE_NV?$basic_string@DU?$char_traits@D@std@@V?$allocator@D@2@@std@@@Z 100aea38     Config.obj
 0002:00019a5c       __ehfuncinfo$?GrabOffsets@Offsets@@YAXXZ 100aea5c     Offsets.obj
 0002:00019a80       __unwindtable$?Save@Variables@@QAE_NV?$basic_string@DU?$char_traits@D@std@@V?$allocator@D@2@@std@@@Z 100aea80     Config.obj
 0002:00019ac8       __unwindtable$?GrabOffsets@Offsets@@YAXXZ 100aeac8     Offsets.obj
 0002:00019b08       __ehfuncinfo$?SetupTextures@U@@YAXXZ 100aeb08     Util.obj
 0002:00019b2c       __unwindtable$?SetupTextures@U@@YAXXZ 100aeb2c     Util.obj
 0002:00019b3c       __ehfuncinfo$?SetupHooks@U@@YAXXZ 100aeb3c     Util.obj
 0002:00019b60       __unwindtable$?SetupHooks@U@@YAXXZ 100aeb60     Util.obj
 0002:00019b80       __ehfuncinfo$?SetupInterfaces@U@@YAXXZ 100aeb80     Util.obj
 0002:00019ba4       __ehfuncinfo$?ApplyGloveCustomSkin@SkinChanger@@YAXPAVCBaseEntity@@H@Z 100aeba4     SkinChanger.obj
 0002:00019bc8       __unwindtable$?SetupInterfaces@U@@YAXXZ 100aebc8     Util.obj
 0002:00019cf0       __unwindtable$?ApplyGloveCustomSkin@SkinChanger@@YAXPAVCBaseEntity@@H@Z 100aecf0     SkinChanger.obj
 0002:00019d20       __ehfuncinfo$?FrameStageNotify@SkinChanger@@YAXW4ClientFrameStage_t@@@Z 100aed20     SkinChanger.obj
 0002:00019d44       __ehfuncinfo$?KnifeEventFire@SkinChanger@@YAXPAVIGameEvent@@@Z 100aed44     SkinChanger.obj
 0002:00019d68       __unwindtable$?FrameStageNotify@SkinChanger@@YAXW4ClientFrameStage_t@@@Z 100aed68     SkinChanger.obj
 0002:00019db8       __unwindtable$?KnifeEventFire@SkinChanger@@YAXPAVIGameEvent@@@Z 100aedb8     SkinChanger.obj
 0002:0001a41c       .idata$6                   100af41c     kernel32:KERNEL32.dll
 0002:0001a544       .idata$6                   100af544     user32:USER32.dll
 0002:0001ad82       .idata$6                   100afd82     msvcprt:MSVCP140.dll
 0002:0001adc8       .idata$6                   100afdc8     d3dx9:d3dx9_43.dll
 0002:0001ae00       .idata$6                   100afe00     imm32:IMM32.dll
 0002:0001aee8       .idata$6                   100afee8     vcruntime:VCRUNTIME140.dll
 0002:0001b1a0       .idata$6                   100b01a0     ucrt:api-ms-win-crt-heap-l1-1-0.dll
 0002:0001b1c0       .idata$6                   100b01c0     ucrt:api-ms-win-crt-utility-l1-1-0.dll
 0002:0001b1e2       .idata$6                   100b01e2     ucrt:api-ms-win-crt-runtime-l1-1-0.dll
 0002:0001b204       .idata$6                   100b0204     ucrt:api-ms-win-crt-filesystem-l1-1-0.dll
 0002:0001b22a       .idata$6                   100b022a     ucrt:api-ms-win-crt-stdio-l1-1-0.dll
 0002:0001b24a       .idata$6                   100b024a     ucrt:api-ms-win-crt-time-l1-1-0.dll
 0002:0001b26a       .idata$6                   100b026a     ucrt:api-ms-win-crt-math-l1-1-0.dll
 0002:0001b28a       .idata$6                   100b028a     ucrt:api-ms-win-crt-string-l1-1-0.dll
 0003:00000000       $SG62434                   100b1000     detours:detours.obj
 0003:00000010       $SG62437                   100b1010     detours:detours.obj
 0003:00000028       $SG62439                   100b1028     detours:detours.obj
 0003:00000038       $SG62441                   100b1038     detours:detours.obj
 0003:00000048       $SG62443                   100b1048     detours:detours.obj
 0003:00000058       $SG62445                   100b1058     detours:detours.obj
 0003:00000068       $SG62447                   100b1068     detours:detours.obj
 0003:0000007c       $SG62449                   100b107c     detours:detours.obj
 0003:00000090       $SG62451                   100b1090     detours:detours.obj
 0003:0000009c       $SG62487                   100b109c     detours:detours.obj
 0003:000000a0       $SG62605                   100b10a0     detours:detours.obj
 0003:000000d4       ?iChoked@?BFG@??DoAntiAimY@@YAXAAVQAngle@@_N@Z@4HA 100b10d4     AntiAim.obj
 0003:00109600       ?readBuffer@@3V?$basic_string@DU?$char_traits@D@std@@V?$allocator@D@2@@std@@A 101ba600     DLLMain.obj
 0003:00109618       ?g_IndexBufferSize@@3HA    101ba618     imgui_impl_dx9.obj
 0003:0010961c       ?g_VertexBufferSize@@3HA   101ba61c     imgui_impl_dx9.obj
 0003:00109620       ?default_chars@@3V?$basic_string@DU?$char_traits@D@std@@V?$allocator@D@2@@std@@B 101ba620     DLLMain.obj
 0003:00109660       ?GImDefaultFontAtlas@@3UImFontAtlas@@A 101ba660     imgui.obj
 0003:001096ac       ?GNullClipRect@@3UImVec4@@B 101ba6ac     imgui_draw.obj
 0003:001096bc       ?spacing@?P@??EndScene@Hooks@@YGJPAUIDirect3DDevice9@@@Z@4HA 101ba6bc     EndScene.obj
 0003:001096c0       ?myalpha@?P@??EndScene@Hooks@@YGJPAUIDirect3DDevice9@@@Z@4MA 101ba6c0     EndScene.obj
 0003:001096c4       ?pitch@?BH@??ragebottab@@YAXXZ@4PAPBDA 101ba6c4     EndScene.obj
 0003:001096ec       ?yaw@?BH@??ragebottab@@YAXXZ@4PAPBDA 101ba6ec     EndScene.obj
 0003:0010970c       ?fakelag@?BI@??ragebottab@@YAXXZ@4PAPBDA 101ba70c     EndScene.obj
 0003:00109b80       ?_Fac_tidy_reg@std@@3U_Fac_tidy_reg_t@1@B 101bab80     msvcprt:locale0_implib.obj
 0003:00109b84       ?_Fac_head@std@@3PAU_Fac_node@1@A 101bab84     msvcprt:locale0_implib.obj
 0003:00109b90       ?is_initialized_as_dll@@3_NA 101bab90     MSVCRT:utility.obj
 0003:00109b91       ?module_local_atexit_table_initialized@@3_NA 101bab91     MSVCRT:utility.obj
 0003:00109b94       ?module_local_atexit_table@@3U_onexit_table_t@@A 101bab94     MSVCRT:utility.obj
 0003:00109ba0       ?module_local_at_quick_exit_table@@3U_onexit_table_t@@A 101baba0     MSVCRT:utility.obj
 0003:00109bac       ?_Tss_mutex@@3U_RTL_CRITICAL_SECTION@@A 101babac     MSVCRT:thread_safe_statics.obj
 0003:00109bc4       ?_Tss_cv@@3U_RTL_CONDITION_VARIABLE@@A 101babc4     MSVCRT:thread_safe_statics.obj
 0003:00109bc8       ?_Tss_event@@3PAXA         101babc8     MSVCRT:thread_safe_statics.obj
 0003:00109bcc       ?encoded_sleep_condition_variable_cs@@3P6GHPAU_RTL_CONDITION_VARIABLE@@PAU_RTL_CRITICAL_SECTION@@K@ZA 101babcc     MSVCRT:thread_safe_statics.obj
 0003:00109bd0       ?encoded_wake_all_condition_variable@@3P6GXPAU_RTL_CONDITION_VARIABLE@@@ZA 101babd0     MSVCRT:thread_safe_statics.obj
 0003:00109bd8       _GS_ExceptionRecord        101babd8     MSVCRT:gs_report.obj
 0003:00109c28       _GS_ContextRecord          101bac28     MSVCRT:gs_report.obj
 0003:00109ef4       ?__proc_attached@@3HA      101baef4     MSVCRT:dll_dllmain.obj
 0003:0010acf4       ?vector_getterlol@ImGui@@3V<lambda>@@A 101bbcf4     EndScene.obj
 0003:0010acf5       ?vector_getter@ImGui@@3V<lambda>@@A 101bbcf5     EndScene.obj
 0003:0010acf6       ?IsFakeLagging@@3_NA       101bbcf6     AntiAim.obj
 0003:0010ad20       ?GImDefaultContext@@3UImGuiContext@@A 101bbd20     imgui.obj
 0003:0011f5bc       ?g_FontTexture@@3PAUIDirect3DTexture9@@A 101d05bc     imgui_impl_dx9.obj
 0003:0011f5c0       ?ConfigName@@3PADA         101d05c0     EndScene.obj
 0003:0011f600       ?g_pIB@@3PAUIDirect3DIndexBuffer9@@A 101d0600     imgui_impl_dx9.obj
 0003:0011f604       ?g_pd3dDevice@@3PAUIDirect3DDevice9@@A 101d0604     imgui_impl_dx9.obj
 0003:0011f608       ?g_pVB@@3PAUIDirect3DVertexBuffer9@@A 101d0608     imgui_impl_dx9.obj
 0003:0011f60c       ?g_hWnd@@3PAUHWND__@@A     101d060c     imgui_impl_dx9.obj
 0003:0011f610       ?g_Time@@3_JA              101d0610     imgui_impl_dx9.obj
 0003:0011f618       ?g_TicksPerSecond@@3_JA    101d0618     imgui_impl_dx9.obj
 0003:0011f620       ?stb__barrier@@3PAEA       101d0620     imgui_draw.obj
 0003:0011f624       ?stb__barrier2@@3PAEA      101d0624     imgui_draw.obj
 0003:0011f628       ?stb__barrier4@@3PAEA      101d0628     imgui_draw.obj
 0003:0011f62c       ?stb__dout@@3PAEA          101d062c     imgui_draw.obj
 0003:0011f63c       ?o_uint_fn@@3PAXA          101d063c     Stiker.obj
 0003:0011f640       ?s_iwoff@@3GA              101d0640     Stiker.obj
 0003:0011f650       ?jitterangle@?BFG@??DoAntiAimY@@YAXAAVQAngle@@_N@Z@4HA 101d0650     AntiAim.obj
 0003:0011f654       ?Switch@?HF@??DoAntiAimY@@YAXAAVQAngle@@_N@Z@4_NA 101d0654     AntiAim.obj
 0003:0011f658       ?chocked@?1??Run@CAntiAim@@QAEXXZ@4HA 101d0658     AntiAim.obj
 0003:0011f65c       ?Switch@?MN@??DoAntiAimY@@YAXAAVQAngle@@_N@Z@4_NA 101d065c     AntiAim.obj
 0003:0011f660       ?timer@?CP@??Fakelags@@YAXXZ@4HA 101d0660     AntiAim.obj
 0003:0011f664       ?sw@?L@??Fakelags@@YAXXZ@4_NA 101d0664     AntiAim.obj
 0003:0011f668       ?tickmeme@?BGP@??DoAntiAimY@@YAXAAVQAngle@@_N@Z@4HA 101d0668     AntiAim.obj
 0003:0011f66c       ?timer@?BG@??Fakelags@@YAXXZ@4HA 101d066c     AntiAim.obj
 0003:0011f670       ?Switch@?BD@??DoAntiAimY@@YAXAAVQAngle@@_N@Z@4_NA 101d0670     AntiAim.obj
 0003:0011f674       ?timer@?CI@??Fakelags@@YAXXZ@4HA 101d0674     AntiAim.obj
 0003:0011f678       ?timer@?CA@??Fakelags@@YAXXZ@4HA 101d0678     AntiAim.obj
 0003:0011f67c       ?choked@?4??FakeWalk@@YA_NXZ@4HA 101d067c     AntiAim.obj
 0003:0011f680       ?tickmeme@?KA@??DoAntiAimY@@YAXAAVQAngle@@_N@Z@4HA 101d0680     AntiAim.obj
 0003:0011f684       ?Switch@?BCP@??DoAntiAimY@@YAXAAVQAngle@@_N@Z@4_NA 101d0684     AntiAim.obj
 0003:0011f688       ?timer@?L@??Fakelags@@YAXXZ@4HA 101d0688     AntiAim.obj
 0003:0011f68c       ?ticks@?L@??Fakelags@@YAXXZ@4HA 101d068c     AntiAim.obj
 0003:0011f690       ?psile@?1??Run@CLegitBot@@QAEXXZ@4_NA 101d0690     LegitBot.obj
 0003:0011f691       ?bLastJumped@?1??Bunnyhop@CMiscellaneous@@QAEXXZ@4_NA 101d0691     Miscellaneous.obj
 0003:0011f694       ?nextTime@?1??ChatSpam@CMiscellaneous@@QAEXPBD@Z@4MA 101d0694     Miscellaneous.obj
 0003:0011f698       ?bShouldFake@?1??Bunnyhop@CMiscellaneous@@QAEXXZ@4_NA 101d0698     Miscellaneous.obj
 0003:0011f699       ?bInit@?1??StartPrediction@CPredictionSystem@@QAEXXZ@4_NA 101d0699     PredictionSystem.obj
 0003:0011f69c       ?newanimate@?P@??EndScene@Hooks@@YGJPAUIDirect3DDevice9@@@Z@4MA 101d069c     EndScene.obj
 0003:0011f6a0       ?newanimate2@?P@??EndScene@Hooks@@YGJPAUIDirect3DDevice9@@@Z@4MA 101d06a0     EndScene.obj
 0003:0011f6a4       ?curTab@?P@??EndScene@Hooks@@YGJPAUIDirect3DDevice9@@@Z@4HA 101d06a4     EndScene.obj
 0003:0011f6a8       ?newanimate3Line@?P@??EndScene@Hooks@@YGJPAUIDirect3DDevice9@@@Z@4MA 101d06a8     EndScene.obj
 0003:0011f6ac       ?newanim@?HK@??EndScene@Hooks@@YGJPAUIDirect3DDevice9@@@Z@4MA 101d06ac     EndScene.obj
 0003:0011f6b0       ?animstage@?P@??EndScene@Hooks@@YGJPAUIDirect3DDevice9@@@Z@4HA 101d06b0     EndScene.obj
 0003:0011f6b4       ?newanimate2Line@?P@??EndScene@Hooks@@YGJPAUIDirect3DDevice9@@@Z@4MA 101d06b4     EndScene.obj
 0003:0011f6b8       ?canChange@?P@??EndScene@Hooks@@YGJPAUIDirect3DDevice9@@@Z@4_NA 101d06b8     EndScene.obj
 0003:0011f6b9       ?Textured7@?P@??EndScene@Hooks@@YGJPAUIDirect3DDevice9@@@Z@4_NA 101d06b9     EndScene.obj
 0003:0011f6ba       ?svchts@?L@??OverrideView@Hooks@@YIXPAX0PAVCViewSetup@@@Z@4_NA 101d06ba     OverrideView.obj
 0003:0011f6bb       ?is_clicked@?1??OpenMenu@@YAXXZ@4_NA 101d06bb     WndProc.obj
 0003:0011f6bc       ?is_down@?1??OpenMenu@@YAXXZ@4_NA 101d06bc     WndProc.obj
 0003:0011f6c0       ?crc32_lut@?1??ImHash@@YAIPBXHI@Z@4PAIA 101d06c0     imgui.obj
 0003:0011fac8       ?circle_vtx_builds@?1??PathArcToFast@ImDrawList@@QAEXABUImVec2@@MHH@Z@4_NA 101d0ac8     imgui_draw.obj
 0003:0011fad8       ?iw_hook_vt@?1??ApplyStickerHooks@@YAXPAVCBaseCombatWeapon@@@Z@4PAPAXA 101d0ad8     Stiker.obj
 0003:0011fadc       ?bFlip@?1??Run@CAntiAim@@QAEXXZ@4_NA 101d0adc     AntiAim.obj
 0003:0011fae0       ?last_landtime@?7??Fakelags@@YAXXZ@4MA 101d0ae0     AntiAim.obj
 0003:0011fae4       ?timer1@?BI@??FreestandingRun@@YAXAAVQAngle@@@Z@4HA 101d0ae4     AntiAim.obj
 0003:0011fae8       ?tick@?GG@??Run@CAntiAim@@QAEXXZ@4MA 101d0ae8     AntiAim.obj
 0003:0011faec       ?n1@?1??DoAntiAimY@@YAXAAVQAngle@@_N@Z@4_NA 101d0aec     AntiAim.obj
 0003:0011faf0       ?yawadd@?GN@??DoAntiAimY@@YAXAAVQAngle@@_N@Z@4HA 101d0af0     AntiAim.obj
 0003:0011faf4       ?t@?FO@??Run@CAntiAim@@QAEXXZ@4MA 101d0af4     AntiAim.obj
 0003:0011faf8       ?n2@?1??DoAntiAimY@@YAXAAVQAngle@@_N@Z@4_NA 101d0af8     AntiAim.obj
 0003:0011fb04       ?$TSS1@?CA@??Fakelags@@YAXXZ@4HA 101d0b04     AntiAim.obj
 0003:0011fb08       ?yFlip@?1??DoAntiAimY@@YAXAAVQAngle@@_N@Z@4_NA 101d0b08     AntiAim.obj
 0003:0011fb10       ?flip@?EG@??Run@CAntiAim@@QAEXXZ@4_NA 101d0b10     AntiAim.obj
 0003:0011fb11       ?flip@?GK@??Run@CAntiAim@@QAEXXZ@4_NA 101d0b11     AntiAim.obj
 0003:0011fb14       ?$TSS3@?CP@??Fakelags@@YAXXZ@4HA 101d0b14     AntiAim.obj
 0003:0011fb18       ?timer@?BI@??FreestandingRun@@YAXAAVQAngle@@@Z@4HA 101d0b18     AntiAim.obj
 0003:0011fb1c       ?$TSS0@?BG@??Fakelags@@YAXXZ@4HA 101d0b1c     AntiAim.obj
 0003:0011fb28       ?flip@?DI@??Run@CAntiAim@@QAEXXZ@4_NA 101d0b28     AntiAim.obj
 0003:0011fb29       ?flip@?FM@??Run@CAntiAim@@QAEXXZ@4_NA 101d0b29     AntiAim.obj
 0003:0011fb30       ?tick@?DE@??Run@CAntiAim@@QAEXXZ@4MA 101d0b30     AntiAim.obj
 0003:0011fb34       ?flip2@?1??DoAntiAimY@@YAXAAVQAngle@@_N@Z@4_NA 101d0b34     AntiAim.obj
 0003:0011fb38       ?t@?EI@??Run@CAntiAim@@QAEXXZ@4MA 101d0b38     AntiAim.obj
 0003:0011fb3c       ?choke@?CP@??Fakelags@@YAXXZ@4HA 101d0b3c     AntiAim.obj
 0003:0011fb44       ?yawadd@?BCH@??DoAntiAimY@@YAXAAVQAngle@@_N@Z@4HA 101d0b44     AntiAim.obj
 0003:0011fb48       ?choke@?CA@??Fakelags@@YAXXZ@4HA 101d0b48     AntiAim.obj
 0003:0011fb4c       ?choke@?BG@??Fakelags@@YAXXZ@4HA 101d0b4c     AntiAim.obj
 0003:0011fb50       ?t@?DK@??Run@CAntiAim@@QAEXXZ@4MA 101d0b50     AntiAim.obj
 0003:0011fb58       ?flip@?1??DoAntiAimY@@YAXAAVQAngle@@_N@Z@4_NA 101d0b58     AntiAim.obj
 0003:0011fb5c       ?$TSS2@?CI@??Fakelags@@YAXXZ@4HA 101d0b5c     AntiAim.obj
 0003:0011fb60       ?tick@?EC@??Run@CAntiAim@@QAEXXZ@4MA 101d0b60     AntiAim.obj
 0003:0011fb64       ?choke@?CI@??Fakelags@@YAXXZ@4HA 101d0b64     AntiAim.obj
 0003:0011fb68       ?tick@?FI@??Run@CAntiAim@@QAEXXZ@4MA 101d0b68     AntiAim.obj
 0003:0011fb6c       ?bSwitch@?1??Run@CAntiAim@@QAEXXZ@4_NA 101d0b6c     AntiAim.obj
 0003:0011fb70       ?t@?GM@??Run@CAntiAim@@QAEXXZ@4MA 101d0b70     AntiAim.obj
 0003:0011fb74       ?OldY@?1??AutoStrafe@CMiscellaneous@@QAEXXZ@4MA 101d0b74     Miscellaneous.obj
 0003:0011fb78       ?rainbow@?1??Run@CVisuals@@QAEXXZ@4MA 101d0b78     Visuals.obj
 0003:0011fb7c       ?col@?BG@??PlayerESP@CVisuals@@AAEXH@Z@4VColor@@A 101d0b7c     Visuals.obj
 0003:0011fb80       ?pBoneToWorldOut@?4??Skeleton@CVisuals@@AAEXPAVCBaseEntity@@VColor@@@Z@4PAUmatrix3x4_t@@A 101d0b80     Visuals.obj
 0003:00121380       ?vOldPunch@?1??StandAloneRCS@@YAXMMPAVCBaseEntity@@PAVCUserCmd@@@Z@4VQAngle@@A 101d2380     CreateMove.obj
 0003:0012138c       ?$TSS0@?1??HandleGameEvent@DamageESP@@YAXPAVIGameEvent@@@Z@4HA 101d238c     EndScene.obj
 0003:00121390       ?Textured2@?P@??EndScene@Hooks@@YGJPAUIDirect3DDevice9@@@Z@4_NA 101d2390     EndScene.obj
 0003:00121394       ?$TSS0@?1???$Find_Hud_Element@PAI@@YAPAPAIPBD@Z@4HA 101d2394     EndScene.obj
 0003:00121398       ?Textured3@?P@??EndScene@Hooks@@YGJPAUIDirect3DDevice9@@@Z@4_NA 101d2398     EndScene.obj
 0003:001213a0       ?Animate@?6??DrawHealth@D9Visuals@@YAXPAVCBaseEntity@@PAUIDirect3DDevice9@@@Z@4PA_NA 101d23a0     EndScene.obj
 0003:001213e4       ?find_hud_element@?1???$Find_Hud_Element@PAI@@YAPAPAIPBD@Z@4P6EKPAX0@ZA 101d23e4     EndScene.obj
 0003:001213e8       ?Textured4@?P@??EndScene@Hooks@@YGJPAUIDirect3DDevice9@@@Z@4_NA 101d23e8     EndScene.obj
 0003:001213f0       ?cTitle@?9??EndScene@Hooks@@YGJPAUIDirect3DDevice9@@@Z@4PADA 101d23f0     EndScene.obj
 0003:001214f0       ?Textured6@?P@??EndScene@Hooks@@YGJPAUIDirect3DDevice9@@@Z@4_NA 101d24f0     EndScene.obj
 0003:001214f4       ?lastImpactPos@?1??HandleGameEvent@DamageESP@@YAXPAVIGameEvent@@@Z@4VVector@@A 101d24f4     EndScene.obj
 0003:00121500       ?$TSS1@?1???$Find_Hud_Element@PAI@@YAPAPAIPBD@Z@4HA 101d2500     EndScene.obj
 0003:00121504       ?$TSS0@?1??fix@@YAXXZ@4HA  101d2504     EndScene.obj
 0003:00121508       ?Textured@?P@??EndScene@Hooks@@YGJPAUIDirect3DDevice9@@@Z@4_NA 101d2508     EndScene.obj
 0003:0012150c       ?pThis@?1???$Find_Hud_Element@PAI@@YAPAPAIPBD@Z@4PAKA 101d250c     EndScene.obj
 0003:00121510       ?OldHealth@?6??DrawHealth@D9Visuals@@YAXPAVCBaseEntity@@PAUIDirect3DDevice9@@@Z@4PAHA 101d2510     EndScene.obj
 0003:00121614       ?clear_hud_weapon_icon_fn@?1??fix@@YAXXZ@4P6EHPAXH@ZA 101d2614     EndScene.obj
 0003:00121618       ?sel@?4??misctab@@YAXXZ@4HA 101d2618     EndScene.obj
 0003:00121620       ?Curtime@?6??DrawHealth@D9Visuals@@YAXPAVCBaseEntity@@PAUIDirect3DDevice9@@@Z@4PAMA 101d2620     EndScene.obj
 0003:00121724       ?Textured5@?P@??EndScene@Hooks@@YGJPAUIDirect3DDevice9@@@Z@4_NA 101d2724     EndScene.obj
 0003:00121728       ?drawPanel@?1??PaintTraverse@Hooks@@YIXPAX0I_N1@Z@4IA 101d2728     PaintTraverse.obj
 0003:0012172c       ?$TSS0@?1??OpenMenu@@YAXXZ@4HA 101d272c     WndProc.obj
 0003:00121730       ?bPrevMenuState@?1??OpenMenu@@YAXXZ@4_NA 101d2730     WndProc.obj
 0003:00121734       ?buf_local@?1??GetClipboardTextFn_DefaultImpl@@YAPBDPAX@Z@4V?$ImVector@D@@A 101d2734     imgui.obj
 0003:00121740       ?$TSS0@?1??GetClipboardTextFn_DefaultImpl@@YAPBDPAX@Z@4HA 101d2740     imgui.obj
 0003:00121750       ?circle_vtx@?1??PathArcToFast@ImDrawList@@QAEXABUImVec2@@MHH@Z@4PAU3@A 101d2750     imgui_draw.obj
 0003:001217b0       ?$TSS0@?1??PathArcToFast@ImDrawList@@QAEXABUImVec2@@MHH@Z@4HA 101d27b0     imgui_draw.obj
 0003:001217b4       ?json_null@?1??static_null@json11@@YAABVJson@2@XZ@4V32@B 101d27b4     json11.obj
 0003:001217c0       ?s@?1??statics@json11@@YAABUStatics@2@XZ@4U32@B 101d27c0     json11.obj
 0003:00121804       ?$TSS0@?1??static_null@json11@@YAABVJson@2@XZ@4HA 101d2804     json11.obj
 0003:00121808       ?$TSS0@?1??statics@json11@@YAABUStatics@2@XZ@4HA 101d2808     json11.obj
 0003:0012180c       ?iFps@?1??FrameRate@Menu@@YAHXZ@4HA 101d280c     Util.obj
 0003:00121810       ?flTickCount@?1??FrameRate@Menu@@YAHXZ@4MA 101d2810     Util.obj
 0003:00121814       ?flLastTickCount@?1??FrameRate@Menu@@YAHXZ@4MA 101d2814     Util.obj
 0003:00121818       ?iLastFps@?1??FrameRate@Menu@@YAHXZ@4HA 101d2818     Util.obj
 0003:0012181c       ?pClass@?4??ApplyGloveCustomSkin@SkinChanger@@YAXPAVCBaseEntity@@H@Z@4PAUClientClass@@A 101d281c     SkinChanger.obj
 0004:00000060       $R000000                   101d3060     * linker generated manifest res *
